/Applications/STM32CubeIDE.app/Contents/Eclipse/plugins/com.st.stm32cube.ide.mcu.externaltools.gnu-tools-for-stm32.11.3.rel1.macos64_1.1.1.202309131626/tools/arm-none-eabi/include/c++/11.3.1/bits/stl_algobase.h:1006:3:constexpr unsigned int std::__size_to_integer(unsigned int)	16	static
/Applications/STM32CubeIDE.app/Contents/Eclipse/plugins/com.st.stm32cube.ide.mcu.externaltools.gnu-tools-for-stm32.11.3.rel1.macos64_1.1.1.202309131626/tools/arm-none-eabi/include/c++/11.3.1/bits/char_traits.h:393:7:static constexpr std::size_t std::char_traits<char>::length(const char_type*)	24	static
/Applications/STM32CubeIDE.app/Contents/Eclipse/plugins/com.st.stm32cube.ide.mcu.externaltools.gnu-tools-for-stm32.11.3.rel1.macos64_1.1.1.202309131626/tools/arm-none-eabi/include/c++/11.3.1/bits/exception.h:64:5:std::exception::exception()	16	static
/Applications/STM32CubeIDE.app/Contents/Eclipse/plugins/com.st.stm32cube.ide.mcu.externaltools.gnu-tools-for-stm32.11.3.rel1.macos64_1.1.1.202309131626/tools/arm-none-eabi/include/c++/11.3.1/new:174:33:void* operator new(std::size_t, void*)	16	static
/Applications/STM32CubeIDE.app/Contents/Eclipse/plugins/com.st.stm32cube.ide.mcu.externaltools.gnu-tools-for-stm32.11.3.rel1.macos64_1.1.1.202309131626/tools/arm-none-eabi/include/c++/11.3.1/new:180:13:void operator delete(void*, void*)	16	static
/Applications/STM32CubeIDE.app/Contents/Eclipse/plugins/com.st.stm32cube.ide.mcu.externaltools.gnu-tools-for-stm32.11.3.rel1.macos64_1.1.1.202309131626/tools/arm-none-eabi/include/c++/11.3.1/arm-none-eabi/thumb/v7e-m+fp/hard/bits/gthr-default.h:229:1:int __gthread_key_delete(__gthread_key_t)	16	static
/Applications/STM32CubeIDE.app/Contents/Eclipse/plugins/com.st.stm32cube.ide.mcu.externaltools.gnu-tools-for-stm32.11.3.rel1.macos64_1.1.1.202309131626/tools/arm-none-eabi/include/c++/11.3.1/bits/functional_hash.h:134:3:std::size_t std::hash<unsigned char>::operator()(unsigned char) const	16	static
/Applications/STM32CubeIDE.app/Contents/Eclipse/plugins/com.st.stm32cube.ide.mcu.externaltools.gnu-tools-for-stm32.11.3.rel1.macos64_1.1.1.202309131626/tools/arm-none-eabi/include/c++/11.3.1/bits/basic_string.h:6671:3:std::string std::__cxx11::to_string(unsigned int)	32	static
/Applications/STM32CubeIDE.app/Contents/Eclipse/plugins/com.st.stm32cube.ide.mcu.externaltools.gnu-tools-for-stm32.11.3.rel1.macos64_1.1.1.202309131626/tools/arm-none-eabi/include/c++/11.3.1/bits/basic_string.h:6690:3:std::string std::__cxx11::to_string(long unsigned int)	32	static
/Applications/STM32CubeIDE.app/Contents/Eclipse/plugins/com.st.stm32cube.ide.mcu.externaltools.gnu-tools-for-stm32.11.3.rel1.macos64_1.1.1.202309131626/tools/arm-none-eabi/include/c++/11.3.1/bits/basic_string.h:6698:3:std::string std::__cxx11::to_string(long long int)	56	static
/Applications/STM32CubeIDE.app/Contents/Eclipse/plugins/com.st.stm32cube.ide.mcu.externaltools.gnu-tools-for-stm32.11.3.rel1.macos64_1.1.1.202309131626/tools/arm-none-eabi/include/c++/11.3.1/bits/basic_string.h:6730:3:std::string std::__cxx11::to_string(double)	40	static
../Core/Inc/SHT30.hpp:15:2:SHT30::SHT30(I2C_HandleTypeDef&)	16	static
/Applications/STM32CubeIDE.app/Contents/Eclipse/plugins/com.st.stm32cube.ide.mcu.externaltools.gnu-tools-for-stm32.11.3.rel1.macos64_1.1.1.202309131626/tools/arm-none-eabi/include/c++/11.3.1/bits/hashtable_policy.h:219:5:std::__detail::_Hash_node_base::_Hash_node_base()	16	static
/Applications/STM32CubeIDE.app/Contents/Eclipse/plugins/com.st.stm32cube.ide.mcu.externaltools.gnu-tools-for-stm32.11.3.rel1.macos64_1.1.1.202309131626/tools/arm-none-eabi/include/c++/11.3.1/bits/hashtable_policy.h:428:5:std::__detail::_Mod_range_hashing::result_type std::__detail::_Mod_range_hashing::operator()(std::__detail::_Mod_range_hashing::first_argument_type, std::__detail::_Mod_range_hashing::second_argument_type) const	24	static
/Applications/STM32CubeIDE.app/Contents/Eclipse/plugins/com.st.stm32cube.ide.mcu.externaltools.gnu-tools-for-stm32.11.3.rel1.macos64_1.1.1.202309131626/tools/arm-none-eabi/include/c++/11.3.1/bits/hashtable_policy.h:446:5:std::__detail::_Prime_rehash_policy::_Prime_rehash_policy(float)	16	static
/Applications/STM32CubeIDE.app/Contents/Eclipse/plugins/com.st.stm32cube.ide.mcu.externaltools.gnu-tools-for-stm32.11.3.rel1.macos64_1.1.1.202309131626/tools/arm-none-eabi/include/c++/11.3.1/bits/hashtable_policy.h:473:5:std::__detail::_Prime_rehash_policy::_State std::__detail::_Prime_rehash_policy::_M_state() const	16	static
/Applications/STM32CubeIDE.app/Contents/Eclipse/plugins/com.st.stm32cube.ide.mcu.externaltools.gnu-tools-for-stm32.11.3.rel1.macos64_1.1.1.202309131626/tools/arm-none-eabi/include/c++/11.3.1/bits/hashtable_policy.h:481:5:void std::__detail::_Prime_rehash_policy::_M_reset(std::__detail::_Prime_rehash_policy::_State)	16	static
/Applications/STM32CubeIDE.app/Contents/Eclipse/plugins/com.st.stm32cube.ide.mcu.externaltools.gnu-tools-for-stm32.11.3.rel1.macos64_1.1.1.202309131626/tools/arm-none-eabi/include/c++/11.3.1/bits/stl_algobase.h:230:5:constexpr const _Tp& std::min(const _Tp&, const _Tp&) [with _Tp = unsigned int]	16	static
/Applications/STM32CubeIDE.app/Contents/Eclipse/plugins/com.st.stm32cube.ide.mcu.externaltools.gnu-tools-for-stm32.11.3.rel1.macos64_1.1.1.202309131626/tools/arm-none-eabi/include/c++/11.3.1/bits/unordered_map.h:181:7:std::unordered_map<_Key, _Tp, _Hash, _Pred, _Alloc>::unordered_map(const std::unordered_map<_Key, _Tp, _Hash, _Pred, _Alloc>&) [with _Key = unsigned char; _Tp = unsigned char; _Hash = std::hash<unsigned char>; _Pred = std::equal_to<unsigned char>; _Alloc = std::allocator<std::pair<const unsigned char, unsigned char> >]	16	static
/Applications/STM32CubeIDE.app/Contents/Eclipse/plugins/com.st.stm32cube.ide.mcu.externaltools.gnu-tools-for-stm32.11.3.rel1.macos64_1.1.1.202309131626/tools/arm-none-eabi/include/c++/11.3.1/bits/unordered_map.h:102:11:std::unordered_map<unsigned char, unsigned char>::~unordered_map()	16	static
../Core/Inc/selector.hpp:16:2:Selector::Selector(std::unordered_map<unsigned char, unsigned char>, uint8_t, GPIOPortPin, GPIOPortPin, GPIOPortPin)	24	static
../Core/Inc/logger.hpp:16:2:Logger::Logger(UART_HandleTypeDef&, LogLevel, std::string)	24	static
../Core/Inc/logger.hpp:26:14:static void Logger::registerInstance(Logger*)	16	static
../Core/Inc/logger.hpp:30:17:static Logger* Logger::getInstance()	4	static
/Applications/STM32CubeIDE.app/Contents/Eclipse/plugins/com.st.stm32cube.ide.mcu.externaltools.gnu-tools-for-stm32.11.3.rel1.macos64_1.1.1.202309131626/tools/arm-none-eabi/include/c++/11.3.1/bits/stl_deque.h:96:3:constexpr std::size_t std::__deque_buf_size(std::size_t)	16	static
/Applications/STM32CubeIDE.app/Contents/Eclipse/plugins/com.st.stm32cube.ide.mcu.externaltools.gnu-tools-for-stm32.11.3.rel1.macos64_1.1.1.202309131626/tools/arm-none-eabi/include/c++/11.3.1/bits/stl_list.h:110:7:std::__detail::_List_node_header::_List_node_header()	16	static
/Applications/STM32CubeIDE.app/Contents/Eclipse/plugins/com.st.stm32cube.ide.mcu.externaltools.gnu-tools-for-stm32.11.3.rel1.macos64_1.1.1.202309131626/tools/arm-none-eabi/include/c++/11.3.1/bits/stl_list.h:130:7:void std::__detail::_List_node_header::_M_move_nodes(std::__detail::_List_node_header&&)	24	static
/Applications/STM32CubeIDE.app/Contents/Eclipse/plugins/com.st.stm32cube.ide.mcu.externaltools.gnu-tools-for-stm32.11.3.rel1.macos64_1.1.1.202309131626/tools/arm-none-eabi/include/c++/11.3.1/bits/stl_list.h:150:7:void std::__detail::_List_node_header::_M_init()	16	static
/Applications/STM32CubeIDE.app/Contents/Eclipse/plugins/com.st.stm32cube.ide.mcu.externaltools.gnu-tools-for-stm32.11.3.rel1.macos64_1.1.1.202309131626/tools/arm-none-eabi/include/c++/11.3.1/bits/stl_list.h:159:24:std::__detail::_List_node_base* std::__detail::_List_node_header::_M_base()	16	static
../Core/Inc/data.hpp:34:41:std::__cxx11::list<std::unique_ptr<char []> >& JsonBuilder::chunks()	16	static
../Core/Inc/data.hpp:38:12:size_t JsonBuilder::size()	16	static
/Applications/STM32CubeIDE.app/Contents/Eclipse/plugins/com.st.stm32cube.ide.mcu.externaltools.gnu-tools-for-stm32.11.3.rel1.macos64_1.1.1.202309131626/tools/arm-none-eabi/include/c++/11.3.1/bits/stl_queue.h:96:11:std::queue<std::__cxx11::basic_string<char> >::~queue()	16	static
../Core/Inc/ESP32.hpp:23:2:ESP32::ESP32(UART_HandleTypeDef&, void*&, void*&)	24	static
../Core/Inc/ESP32.hpp:37:22:UART_HandleTypeDef& ESP32::get_uart_handle()	16	static
../Core/Inc/SMU.hpp:13:2:SMU::SMU(UART_HandleTypeDef&)	16	static
../Core/Inc/SMU.hpp:20:22:UART_HandleTypeDef& SMU::get_uart_handle()	16	static
/Applications/STM32CubeIDE.app/Contents/Eclipse/plugins/com.st.stm32cube.ide.mcu.externaltools.gnu-tools-for-stm32.11.3.rel1.macos64_1.1.1.202309131626/tools/arm-none-eabi/include/c++/11.3.1/optional:95:17:virtual const char* std::bad_optional_access::what() const	16	static
/Applications/STM32CubeIDE.app/Contents/Eclipse/plugins/com.st.stm32cube.ide.mcu.externaltools.gnu-tools-for-stm32.11.3.rel1.macos64_1.1.1.202309131626/tools/arm-none-eabi/include/c++/11.3.1/optional:92:5:std::bad_optional_access::bad_optional_access()	16	static
/Applications/STM32CubeIDE.app/Contents/Eclipse/plugins/com.st.stm32cube.ide.mcu.externaltools.gnu-tools-for-stm32.11.3.rel1.macos64_1.1.1.202309131626/tools/arm-none-eabi/include/c++/11.3.1/optional:101:3:void std::__throw_bad_optional_access()	16	static
../Core/Inc/MPL3115A2.hpp:20:2:MPL3115A2::MPL3115A2(I2C_HandleTypeDef&)	16	static
/Applications/STM32CubeIDE.app/Contents/Eclipse/plugins/com.st.stm32cube.ide.mcu.externaltools.gnu-tools-for-stm32.11.3.rel1.macos64_1.1.1.202309131626/tools/arm-none-eabi/include/c++/11.3.1/bits/stl_vector.h:128:14:std::_Vector_base<long unsigned int, std::allocator<long unsigned int> >::_Vector_impl::~_Vector_impl()	16	static
/Applications/STM32CubeIDE.app/Contents/Eclipse/plugins/com.st.stm32cube.ide.mcu.externaltools.gnu-tools-for-stm32.11.3.rel1.macos64_1.1.1.202309131626/tools/arm-none-eabi/include/c++/11.3.1/bits/stl_vector.h:288:7:std::_Vector_base<_Tp, _Alloc>::_Vector_base() [with _Tp = long unsigned int; _Alloc = std::allocator<long unsigned int>]	16	static
/Applications/STM32CubeIDE.app/Contents/Eclipse/plugins/com.st.stm32cube.ide.mcu.externaltools.gnu-tools-for-stm32.11.3.rel1.macos64_1.1.1.202309131626/tools/arm-none-eabi/include/c++/11.3.1/bits/stl_vector.h:487:7:std::vector<_Tp, _Alloc>::vector() [with _Tp = long unsigned int; _Alloc = std::allocator<long unsigned int>]	16	static
../Core/Inc/thermistor_array.hpp:20:5:ThermistorArray::ThermistorArray(ADC_HandleTypeDef*, std::size_t)	24	static
../Core/Inc/thermistor_array.hpp:24:12:double ThermistorArray::get_temperature_at(std::size_t)	88	static
../Core/Inc/thermistor_array.hpp:32:10:void ThermistorArray::update()	24	static
../Core/Src/main.cpp:127:8:void* operator new(size_t)	48	static
../Core/Src/main.cpp:139:8:void* operator new [](size_t)	56	static
../Core/Src/main.cpp:150:6:void operator delete(void*)	16	static
../Core/Src/main.cpp:155:6:void operator delete [](void*)	16	static
/Applications/STM32CubeIDE.app/Contents/Eclipse/plugins/com.st.stm32cube.ide.mcu.externaltools.gnu-tools-for-stm32.11.3.rel1.macos64_1.1.1.202309131626/tools/arm-none-eabi/include/c++/11.3.1/bits/hashtable_policy.h:1210:7:std::__detail::_Hash_code_base<_Key, _Value, _ExtractKey, _Hash, _RangeHash, _Unused, __cache_hash_code>::_Hash_code_base() [with _Key = unsigned char; _Value = std::pair<const unsigned char, std::queue<CurrentVoltagePair> >; _ExtractKey = std::__detail::_Select1st; _Hash = std::hash<unsigned char>; _RangeHash = std::__detail::_Mod_range_hashing; _Unused = std::__detail::_Default_ranged_hash; bool __cache_hash_code = false]	16	static
/Applications/STM32CubeIDE.app/Contents/Eclipse/plugins/com.st.stm32cube.ide.mcu.externaltools.gnu-tools-for-stm32.11.3.rel1.macos64_1.1.1.202309131626/tools/arm-none-eabi/include/c++/11.3.1/bits/hashtable_policy.h:1604:7:std::__detail::_Hashtable_base<_Key, _Value, _ExtractKey, _Equal, _Hash, _RangeHash, _Unused, _Traits>::_Hashtable_base() [with _Key = unsigned char; _Value = std::pair<const unsigned char, std::queue<CurrentVoltagePair> >; _ExtractKey = std::__detail::_Select1st; _Equal = std::equal_to<unsigned char>; _Hash = std::hash<unsigned char>; _RangeHash = std::__detail::_Mod_range_hashing; _Unused = std::__detail::_Default_ranged_hash; _Traits = std::__detail::_Hashtable_traits<false, false, true>]	16	static
/Applications/STM32CubeIDE.app/Contents/Eclipse/plugins/com.st.stm32cube.ide.mcu.externaltools.gnu-tools-for-stm32.11.3.rel1.macos64_1.1.1.202309131626/tools/arm-none-eabi/include/c++/11.3.1/bits/hashtable_policy.h:1124:12:std::__detail::_Hashtable_ebo_helper<0, std::allocator<std::__detail::_Hash_node<std::pair<const unsigned char, std::queue<CurrentVoltagePair> >, false> >, true>::~_Hashtable_ebo_helper()	16	static
/Applications/STM32CubeIDE.app/Contents/Eclipse/plugins/com.st.stm32cube.ide.mcu.externaltools.gnu-tools-for-stm32.11.3.rel1.macos64_1.1.1.202309131626/tools/arm-none-eabi/include/c++/11.3.1/bits/hashtable_policy.h:1823:7:std::__detail::_Hashtable_alloc<_NodeAlloc>::_Hashtable_alloc() [with _NodeAlloc = std::allocator<std::__detail::_Hash_node<std::pair<const unsigned char, std::queue<CurrentVoltagePair> >, false> >]	16	static
/Applications/STM32CubeIDE.app/Contents/Eclipse/plugins/com.st.stm32cube.ide.mcu.externaltools.gnu-tools-for-stm32.11.3.rel1.macos64_1.1.1.202309131626/tools/arm-none-eabi/include/c++/11.3.1/bits/hashtable_policy.h:1802:12:std::__detail::_Hashtable_alloc<std::allocator<std::__detail::_Hash_node<std::pair<const unsigned char, std::queue<CurrentVoltagePair> >, false> > >::~_Hashtable_alloc()	16	static
/Applications/STM32CubeIDE.app/Contents/Eclipse/plugins/com.st.stm32cube.ide.mcu.externaltools.gnu-tools-for-stm32.11.3.rel1.macos64_1.1.1.202309131626/tools/arm-none-eabi/include/c++/11.3.1/bits/hashtable.h:528:7:std::_Hashtable<_Key, _Value, _Alloc, _ExtractKey, _Equal, _Hash, _RangeHash, _Unused, _RehashPolicy, _Traits>::_Hashtable() [with _Key = unsigned char; _Value = std::pair<const unsigned char, std::queue<CurrentVoltagePair> >; _Alloc = std::allocator<std::pair<const unsigned char, std::queue<CurrentVoltagePair> > >; _ExtractKey = std::__detail::_Select1st; _Equal = std::equal_to<unsigned char>; _Hash = std::hash<unsigned char>; _RangeHash = std::__detail::_Mod_range_hashing; _Unused = std::__detail::_Default_ranged_hash; _RehashPolicy = std::__detail::_Prime_rehash_policy; _Traits = std::__detail::_Hashtable_traits<false, false, true>]	16	static
/Applications/STM32CubeIDE.app/Contents/Eclipse/plugins/com.st.stm32cube.ide.mcu.externaltools.gnu-tools-for-stm32.11.3.rel1.macos64_1.1.1.202309131626/tools/arm-none-eabi/include/c++/11.3.1/bits/unordered_map.h:141:7:std::unordered_map<_Key, _Tp, _Hash, _Pred, _Alloc>::unordered_map() [with _Key = unsigned char; _Tp = std::queue<CurrentVoltagePair>; _Hash = std::hash<unsigned char>; _Pred = std::equal_to<unsigned char>; _Alloc = std::allocator<std::pair<const unsigned char, std::queue<CurrentVoltagePair> > >]	16	static
/Applications/STM32CubeIDE.app/Contents/Eclipse/plugins/com.st.stm32cube.ide.mcu.externaltools.gnu-tools-for-stm32.11.3.rel1.macos64_1.1.1.202309131626/tools/arm-none-eabi/include/c++/11.3.1/bits/unordered_map.h:102:11:std::unordered_map<unsigned char, std::queue<CurrentVoltagePair> >::~unordered_map()	16	static
/Applications/STM32CubeIDE.app/Contents/Eclipse/plugins/com.st.stm32cube.ide.mcu.externaltools.gnu-tools-for-stm32.11.3.rel1.macos64_1.1.1.202309131626/tools/arm-none-eabi/include/c++/11.3.1/bits/hashtable_policy.h:1210:7:std::__detail::_Hash_code_base<_Key, _Value, _ExtractKey, _Hash, _RangeHash, _Unused, __cache_hash_code>::_Hash_code_base() [with _Key = unsigned char; _Value = std::pair<const unsigned char, double>; _ExtractKey = std::__detail::_Select1st; _Hash = std::hash<unsigned char>; _RangeHash = std::__detail::_Mod_range_hashing; _Unused = std::__detail::_Default_ranged_hash; bool __cache_hash_code = false]	16	static
/Applications/STM32CubeIDE.app/Contents/Eclipse/plugins/com.st.stm32cube.ide.mcu.externaltools.gnu-tools-for-stm32.11.3.rel1.macos64_1.1.1.202309131626/tools/arm-none-eabi/include/c++/11.3.1/bits/hashtable_policy.h:1604:7:std::__detail::_Hashtable_base<_Key, _Value, _ExtractKey, _Equal, _Hash, _RangeHash, _Unused, _Traits>::_Hashtable_base() [with _Key = unsigned char; _Value = std::pair<const unsigned char, double>; _ExtractKey = std::__detail::_Select1st; _Equal = std::equal_to<unsigned char>; _Hash = std::hash<unsigned char>; _RangeHash = std::__detail::_Mod_range_hashing; _Unused = std::__detail::_Default_ranged_hash; _Traits = std::__detail::_Hashtable_traits<false, false, true>]	16	static
/Applications/STM32CubeIDE.app/Contents/Eclipse/plugins/com.st.stm32cube.ide.mcu.externaltools.gnu-tools-for-stm32.11.3.rel1.macos64_1.1.1.202309131626/tools/arm-none-eabi/include/c++/11.3.1/bits/hashtable_policy.h:1124:12:std::__detail::_Hashtable_ebo_helper<0, std::allocator<std::__detail::_Hash_node<std::pair<const unsigned char, double>, false> >, true>::~_Hashtable_ebo_helper()	16	static
/Applications/STM32CubeIDE.app/Contents/Eclipse/plugins/com.st.stm32cube.ide.mcu.externaltools.gnu-tools-for-stm32.11.3.rel1.macos64_1.1.1.202309131626/tools/arm-none-eabi/include/c++/11.3.1/bits/hashtable_policy.h:1823:7:std::__detail::_Hashtable_alloc<_NodeAlloc>::_Hashtable_alloc() [with _NodeAlloc = std::allocator<std::__detail::_Hash_node<std::pair<const unsigned char, double>, false> >]	16	static
/Applications/STM32CubeIDE.app/Contents/Eclipse/plugins/com.st.stm32cube.ide.mcu.externaltools.gnu-tools-for-stm32.11.3.rel1.macos64_1.1.1.202309131626/tools/arm-none-eabi/include/c++/11.3.1/bits/hashtable_policy.h:1802:12:std::__detail::_Hashtable_alloc<std::allocator<std::__detail::_Hash_node<std::pair<const unsigned char, double>, false> > >::~_Hashtable_alloc()	16	static
/Applications/STM32CubeIDE.app/Contents/Eclipse/plugins/com.st.stm32cube.ide.mcu.externaltools.gnu-tools-for-stm32.11.3.rel1.macos64_1.1.1.202309131626/tools/arm-none-eabi/include/c++/11.3.1/bits/hashtable.h:528:7:std::_Hashtable<_Key, _Value, _Alloc, _ExtractKey, _Equal, _Hash, _RangeHash, _Unused, _RehashPolicy, _Traits>::_Hashtable() [with _Key = unsigned char; _Value = std::pair<const unsigned char, double>; _Alloc = std::allocator<std::pair<const unsigned char, double> >; _ExtractKey = std::__detail::_Select1st; _Equal = std::equal_to<unsigned char>; _Hash = std::hash<unsigned char>; _RangeHash = std::__detail::_Mod_range_hashing; _Unused = std::__detail::_Default_ranged_hash; _RehashPolicy = std::__detail::_Prime_rehash_policy; _Traits = std::__detail::_Hashtable_traits<false, false, true>]	16	static
/Applications/STM32CubeIDE.app/Contents/Eclipse/plugins/com.st.stm32cube.ide.mcu.externaltools.gnu-tools-for-stm32.11.3.rel1.macos64_1.1.1.202309131626/tools/arm-none-eabi/include/c++/11.3.1/bits/unordered_map.h:141:7:std::unordered_map<_Key, _Tp, _Hash, _Pred, _Alloc>::unordered_map() [with _Key = unsigned char; _Tp = double; _Hash = std::hash<unsigned char>; _Pred = std::equal_to<unsigned char>; _Alloc = std::allocator<std::pair<const unsigned char, double> >]	16	static
/Applications/STM32CubeIDE.app/Contents/Eclipse/plugins/com.st.stm32cube.ide.mcu.externaltools.gnu-tools-for-stm32.11.3.rel1.macos64_1.1.1.202309131626/tools/arm-none-eabi/include/c++/11.3.1/bits/unordered_map.h:102:11:std::unordered_map<unsigned char, double>::~unordered_map()	16	static
/Applications/STM32CubeIDE.app/Contents/Eclipse/plugins/com.st.stm32cube.ide.mcu.externaltools.gnu-tools-for-stm32.11.3.rel1.macos64_1.1.1.202309131626/tools/arm-none-eabi/include/c++/11.3.1/bits/stl_list.h:375:14:std::__cxx11::_List_base<std::unique_ptr<char []>, std::allocator<std::unique_ptr<char []> > >::_List_impl::~_List_impl()	16	static
/Applications/STM32CubeIDE.app/Contents/Eclipse/plugins/com.st.stm32cube.ide.mcu.externaltools.gnu-tools-for-stm32.11.3.rel1.macos64_1.1.1.202309131626/tools/arm-none-eabi/include/c++/11.3.1/bits/stl_list.h:461:7:std::__cxx11::_List_base<_Tp, _Alloc>::_List_base() [with _Tp = std::unique_ptr<char []>; _Alloc = std::allocator<std::unique_ptr<char []> >]	16	static
/Applications/STM32CubeIDE.app/Contents/Eclipse/plugins/com.st.stm32cube.ide.mcu.externaltools.gnu-tools-for-stm32.11.3.rel1.macos64_1.1.1.202309131626/tools/arm-none-eabi/include/c++/11.3.1/bits/stl_list.h:674:7:std::__cxx11::list<_Tp, _Alloc>::list() [with _Tp = std::unique_ptr<char []>; _Alloc = std::allocator<std::unique_ptr<char []> >]	16	static
/Applications/STM32CubeIDE.app/Contents/Eclipse/plugins/com.st.stm32cube.ide.mcu.externaltools.gnu-tools-for-stm32.11.3.rel1.macos64_1.1.1.202309131626/tools/arm-none-eabi/include/c++/11.3.1/bits/stl_list.h:828:7:std::__cxx11::list<_Tp, _Alloc>::~list() [with _Tp = std::unique_ptr<char []>; _Alloc = std::allocator<std::unique_ptr<char []> >]	16	static
../Core/Inc/data.hpp:23:5:JsonBuilder::JsonBuilder()	16	static
../Core/Inc/data.hpp:21:7:JsonBuilder::~JsonBuilder()	16	static
../Core/Inc/data.hpp:50:8:DataPacket::DataPacket()	16	static
../Core/Src/main.cpp:238:5:int main()	136	static
../Core/Src/main.cpp:364:6:void SystemClock_Config()	104	static
../Core/Src/main.cpp:417:13:void MX_ADC1_Init()	24	static
../Core/Src/main.cpp:467:13:void MX_I2C1_Init()	8	static
../Core/Src/main.cpp:501:13:void MX_I2C2_Init()	8	static
../Core/Src/main.cpp:535:13:void MX_RTC_Init()	32	static
../Core/Src/main.cpp:597:13:void MX_SDIO_SD_Init()	4	static
../Core/Src/main.cpp:625:13:void MX_UART4_Init()	8	static
../Core/Src/main.cpp:658:13:void MX_USART1_UART_Init()	8	static
../Core/Src/main.cpp:691:13:void MX_USART2_UART_Init()	8	static
../Core/Src/main.cpp:724:13:void MX_USART6_UART_Init()	8	static
../Core/Src/main.cpp:755:13:void MX_DMA_Init()	16	static
../Core/Src/main.cpp:779:13:void MX_GPIO_Init()	48	static
../Core/Inc/data.hpp:21:7:JsonBuilder& JsonBuilder::operator=(JsonBuilder&&)	16	static
../Core/Src/main.cpp:808:6:void ScheduledUpdateUploadTask(void*)	232	static
../Core/Src/main.cpp:851:6:void EspUsartRxTask(void*)	144	static
../Core/Inc/data.hpp:16:8:CurrentVoltagePair::~CurrentVoltagePair()	16	static
../Core/Src/main.cpp:870:6:void SmuUsartRxTask(void*)	288	static
/Applications/STM32CubeIDE.app/Contents/Eclipse/plugins/com.st.stm32cube.ide.mcu.externaltools.gnu-tools-for-stm32.11.3.rel1.macos64_1.1.1.202309131626/tools/arm-none-eabi/include/c++/11.3.1/bits/stl_queue.h:96:11:std::queue<CurrentVoltagePair>::~queue()	16	static
/Applications/STM32CubeIDE.app/Contents/Eclipse/plugins/com.st.stm32cube.ide.mcu.externaltools.gnu-tools-for-stm32.11.3.rel1.macos64_1.1.1.202309131626/tools/arm-none-eabi/include/c++/11.3.1/bits/stl_queue.h:96:11:std::queue<CurrentVoltagePair>& std::queue<CurrentVoltagePair>::operator=(std::queue<CurrentVoltagePair>&&)	16	static
../Core/Src/main.cpp:920:6:void update_data()	432	static
../Core/Src/main.cpp:1006:6:void sd_test()	192	static
../Core/Src/main.cpp:1102:6:void HAL_ADC_ConvCpltCallback(ADC_HandleTypeDef*)	16	static
../Core/Src/main.cpp:1106:6:void HAL_UART_RxCpltCallback(UART_HandleTypeDef*)	32	static
../Core/Src/main.cpp:1195:6:void StartDefaultTask(void*)	192	static
../Core/Src/main.cpp:1271:6:void Error_Handler()	4	static,ignoring_inline_asm
/Applications/STM32CubeIDE.app/Contents/Eclipse/plugins/com.st.stm32cube.ide.mcu.externaltools.gnu-tools-for-stm32.11.3.rel1.macos64_1.1.1.202309131626/tools/arm-none-eabi/include/c++/11.3.1/bits/char_traits.h:106:7:static constexpr bool __gnu_cxx::char_traits<_CharT>::eq(const char_type&, const char_type&) [with _CharT = char]	16	static
/Applications/STM32CubeIDE.app/Contents/Eclipse/plugins/com.st.stm32cube.ide.mcu.externaltools.gnu-tools-for-stm32.11.3.rel1.macos64_1.1.1.202309131626/tools/arm-none-eabi/include/c++/11.3.1/bits/char_traits.h:167:5:static constexpr std::size_t __gnu_cxx::char_traits<_CharT>::length(const char_type*) [with _CharT = char]	24	static
/Applications/STM32CubeIDE.app/Contents/Eclipse/plugins/com.st.stm32cube.ide.mcu.externaltools.gnu-tools-for-stm32.11.3.rel1.macos64_1.1.1.202309131626/tools/arm-none-eabi/include/c++/11.3.1/bits/charconv.h:47:5:constexpr unsigned int std::__detail::__to_chars_len(_Tp, int) [with _Tp = unsigned int]	32	static
/Applications/STM32CubeIDE.app/Contents/Eclipse/plugins/com.st.stm32cube.ide.mcu.externaltools.gnu-tools-for-stm32.11.3.rel1.macos64_1.1.1.202309131626/tools/arm-none-eabi/include/c++/11.3.1/bits/basic_string.h:158:14:std::__cxx11::basic_string<char>::_Alloc_hider::~_Alloc_hider()	16	static
/Applications/STM32CubeIDE.app/Contents/Eclipse/plugins/com.st.stm32cube.ide.mcu.externaltools.gnu-tools-for-stm32.11.3.rel1.macos64_1.1.1.202309131626/tools/arm-none-eabi/include/c++/11.3.1/bits/basic_string.h:553:7:std::__cxx11::basic_string<_CharT, _Traits, _Alloc>::basic_string(std::__cxx11::basic_string<_CharT, _Traits, _Alloc>::size_type, _CharT, const _Alloc&) [with <template-parameter-2-1> = std::allocator<char>; _CharT = char; _Traits = std::char_traits<char>; _Alloc = std::allocator<char>]	32	static
/Applications/STM32CubeIDE.app/Contents/Eclipse/plugins/com.st.stm32cube.ide.mcu.externaltools.gnu-tools-for-stm32.11.3.rel1.macos64_1.1.1.202309131626/tools/arm-none-eabi/include/c++/11.3.1/bits/charconv.h:72:5:void std::__detail::__to_chars_10_impl(char*, unsigned int, _Tp) [with _Tp = unsigned int]	40	static
/Applications/STM32CubeIDE.app/Contents/Eclipse/plugins/com.st.stm32cube.ide.mcu.externaltools.gnu-tools-for-stm32.11.3.rel1.macos64_1.1.1.202309131626/tools/arm-none-eabi/include/c++/11.3.1/bits/charconv.h:47:5:constexpr unsigned int std::__detail::__to_chars_len(_Tp, int) [with _Tp = long unsigned int]	32	static
/Applications/STM32CubeIDE.app/Contents/Eclipse/plugins/com.st.stm32cube.ide.mcu.externaltools.gnu-tools-for-stm32.11.3.rel1.macos64_1.1.1.202309131626/tools/arm-none-eabi/include/c++/11.3.1/bits/charconv.h:72:5:void std::__detail::__to_chars_10_impl(char*, unsigned int, _Tp) [with _Tp = long unsigned int]	40	static
/Applications/STM32CubeIDE.app/Contents/Eclipse/plugins/com.st.stm32cube.ide.mcu.externaltools.gnu-tools-for-stm32.11.3.rel1.macos64_1.1.1.202309131626/tools/arm-none-eabi/include/c++/11.3.1/bits/charconv.h:47:5:constexpr unsigned int std::__detail::__to_chars_len(_Tp, int) [with _Tp = long long unsigned int]	80	static
/Applications/STM32CubeIDE.app/Contents/Eclipse/plugins/com.st.stm32cube.ide.mcu.externaltools.gnu-tools-for-stm32.11.3.rel1.macos64_1.1.1.202309131626/tools/arm-none-eabi/include/c++/11.3.1/bits/charconv.h:72:5:void std::__detail::__to_chars_10_impl(char*, unsigned int, _Tp) [with _Tp = long long unsigned int]	80	static
/Applications/STM32CubeIDE.app/Contents/Eclipse/plugins/com.st.stm32cube.ide.mcu.externaltools.gnu-tools-for-stm32.11.3.rel1.macos64_1.1.1.202309131626/tools/arm-none-eabi/include/c++/11.3.1/ext/string_conversions.h:99:5:) [with _String = std::__cxx11::basic_string<char>; _CharT = char]	44	dynamic
/Applications/STM32CubeIDE.app/Contents/Eclipse/plugins/com.st.stm32cube.ide.mcu.externaltools.gnu-tools-for-stm32.11.3.rel1.macos64_1.1.1.202309131626/tools/arm-none-eabi/include/c++/11.3.1/bits/basic_string.h:6194:5:std::__cxx11::basic_string<_CharT, _Traits, _Allocator> std::operator+(const _CharT*, std::__cxx11::basic_string<_CharT, _Traits, _Allocator>&&) [with _CharT = char; _Traits = std::char_traits<char>; _Alloc = std::allocator<char>]	24	static
/Applications/STM32CubeIDE.app/Contents/Eclipse/plugins/com.st.stm32cube.ide.mcu.externaltools.gnu-tools-for-stm32.11.3.rel1.macos64_1.1.1.202309131626/tools/arm-none-eabi/include/c++/11.3.1/bits/stl_algobase.h:254:5:constexpr const _Tp& std::max(const _Tp&, const _Tp&) [with _Tp = unsigned int]	16	static
/Applications/STM32CubeIDE.app/Contents/Eclipse/plugins/com.st.stm32cube.ide.mcu.externaltools.gnu-tools-for-stm32.11.3.rel1.macos64_1.1.1.202309131626/tools/arm-none-eabi/include/c++/11.3.1/bits/hashtable_policy.h:1124:12:std::__detail::_Hashtable_ebo_helper<0, std::allocator<std::__detail::_Hash_node<std::pair<const unsigned char, unsigned char>, false> >, true>::~_Hashtable_ebo_helper()	16	static
/Applications/STM32CubeIDE.app/Contents/Eclipse/plugins/com.st.stm32cube.ide.mcu.externaltools.gnu-tools-for-stm32.11.3.rel1.macos64_1.1.1.202309131626/tools/arm-none-eabi/include/c++/11.3.1/bits/hashtable_policy.h:1802:12:std::__detail::_Hashtable_alloc<std::allocator<std::__detail::_Hash_node<std::pair<const unsigned char, unsigned char>, false> > >::~_Hashtable_alloc()	16	static
/Applications/STM32CubeIDE.app/Contents/Eclipse/plugins/com.st.stm32cube.ide.mcu.externaltools.gnu-tools-for-stm32.11.3.rel1.macos64_1.1.1.202309131626/tools/arm-none-eabi/include/c++/11.3.1/bits/hashtable.h:1406:5:std::_Hashtable<_Key, _Value, _Alloc, _ExtractKey, _Equal, _Hash, _RangeHash, _Unused, _RehashPolicy, _Traits>::_Hashtable(const std::_Hashtable<_Key, _Value, _Alloc, _ExtractKey, _Equal, _Hash, _RangeHash, _Unused, _RehashPolicy, _Traits>&) [with _Key = unsigned char; _Value = std::pair<const unsigned char, unsigned char>; _Alloc = std::allocator<std::pair<const unsigned char, unsigned char> >; _ExtractKey = std::__detail::_Select1st; _Equal = std::equal_to<unsigned char>; _Hash = std::hash<unsigned char>; _RangeHash = std::__detail::_Mod_range_hashing; _Unused = std::__detail::_Default_ranged_hash; _RehashPolicy = std::__detail::_Prime_rehash_policy; _Traits = std::__detail::_Hashtable_traits<false, false, true>]	24	static
/Applications/STM32CubeIDE.app/Contents/Eclipse/plugins/com.st.stm32cube.ide.mcu.externaltools.gnu-tools-for-stm32.11.3.rel1.macos64_1.1.1.202309131626/tools/arm-none-eabi/include/c++/11.3.1/bits/hashtable.h:1528:5:std::_Hashtable<_Key, _Value, _Alloc, _ExtractKey, _Equal, _Hash, _RangeHash, _Unused, _RehashPolicy, _Traits>::~_Hashtable() [with _Key = unsigned char; _Value = std::pair<const unsigned char, unsigned char>; _Alloc = std::allocator<std::pair<const unsigned char, unsigned char> >; _ExtractKey = std::__detail::_Select1st; _Equal = std::equal_to<unsigned char>; _Hash = std::hash<unsigned char>; _RangeHash = std::__detail::_Mod_range_hashing; _Unused = std::__detail::_Default_ranged_hash; _RehashPolicy = std::__detail::_Prime_rehash_policy; _Traits = std::__detail::_Hashtable_traits<false, false, true>]	16	static
/Applications/STM32CubeIDE.app/Contents/Eclipse/plugins/com.st.stm32cube.ide.mcu.externaltools.gnu-tools-for-stm32.11.3.rel1.macos64_1.1.1.202309131626/tools/arm-none-eabi/include/c++/11.3.1/bits/unique_ptr.h:608:7:std::unique_ptr<_Tp [], _Dp>::~unique_ptr() [with _Tp = char; _Dp = std::default_delete<char []>]	24	static
/Applications/STM32CubeIDE.app/Contents/Eclipse/plugins/com.st.stm32cube.ide.mcu.externaltools.gnu-tools-for-stm32.11.3.rel1.macos64_1.1.1.202309131626/tools/arm-none-eabi/include/c++/11.3.1/bits/move.h:104:5:constexpr typename std::remove_reference<_Tp>::type&& std::move(_Tp&&) [with _Tp = std::unique_ptr<char []>&]	16	static
/Applications/STM32CubeIDE.app/Contents/Eclipse/plugins/com.st.stm32cube.ide.mcu.externaltools.gnu-tools-for-stm32.11.3.rel1.macos64_1.1.1.202309131626/tools/arm-none-eabi/include/c++/11.3.1/bits/basic_string.tcc:1169:5:std::__cxx11::basic_string<_CharT, _Traits, _Allocator> std::operator+(const _CharT*, const std::__cxx11::basic_string<_CharT, _Traits, _Allocator>&) [with _CharT = char; _Traits = std::char_traits<char>; _Alloc = std::allocator<char>]	40	static
/Applications/STM32CubeIDE.app/Contents/Eclipse/plugins/com.st.stm32cube.ide.mcu.externaltools.gnu-tools-for-stm32.11.3.rel1.macos64_1.1.1.202309131626/tools/arm-none-eabi/include/c++/11.3.1/bits/basic_string.h:533:7:std::__cxx11::basic_string<_CharT, _Traits, _Alloc>::basic_string(const _CharT*, const _Alloc&) [with <template-parameter-2-1> = std::allocator<char>; _CharT = char; _Traits = std::char_traits<char>; _Alloc = std::allocator<char>]	40	static
/Applications/STM32CubeIDE.app/Contents/Eclipse/plugins/com.st.stm32cube.ide.mcu.externaltools.gnu-tools-for-stm32.11.3.rel1.macos64_1.1.1.202309131626/tools/arm-none-eabi/include/c++/11.3.1/bits/stl_deque.h:834:7:std::deque<_Tp, _Alloc>::deque() [with _Tp = std::__cxx11::basic_string<char>; _Alloc = std::allocator<std::__cxx11::basic_string<char> >]	16	static
/Applications/STM32CubeIDE.app/Contents/Eclipse/plugins/com.st.stm32cube.ide.mcu.externaltools.gnu-tools-for-stm32.11.3.rel1.macos64_1.1.1.202309131626/tools/arm-none-eabi/include/c++/11.3.1/bits/stl_queue.h:166:2:std::queue<_Tp, _Sequence>::queue() [with _Seq = std::deque<std::__cxx11::basic_string<char>, std::allocator<std::__cxx11::basic_string<char> > >; _Requires = void; _Tp = std::__cxx11::basic_string<char>; _Sequence = std::deque<std::__cxx11::basic_string<char>, std::allocator<std::__cxx11::basic_string<char> > >]	16	static
/Applications/STM32CubeIDE.app/Contents/Eclipse/plugins/com.st.stm32cube.ide.mcu.externaltools.gnu-tools-for-stm32.11.3.rel1.macos64_1.1.1.202309131626/tools/arm-none-eabi/include/c++/11.3.1/bits/stl_deque.h:1006:7:std::deque<_Tp, _Alloc>::~deque() [with _Tp = std::__cxx11::basic_string<char>; _Alloc = std::allocator<std::__cxx11::basic_string<char> >]	48	static
/Applications/STM32CubeIDE.app/Contents/Eclipse/plugins/com.st.stm32cube.ide.mcu.externaltools.gnu-tools-for-stm32.11.3.rel1.macos64_1.1.1.202309131626/tools/arm-none-eabi/include/c++/11.3.1/bits/stl_vector.h:131:2:std::_Vector_base<_Tp, _Alloc>::_Vector_impl::_Vector_impl() [with _Tp = long unsigned int; _Alloc = std::allocator<long unsigned int>]	16	static
/Applications/STM32CubeIDE.app/Contents/Eclipse/plugins/com.st.stm32cube.ide.mcu.externaltools.gnu-tools-for-stm32.11.3.rel1.macos64_1.1.1.202309131626/tools/arm-none-eabi/include/c++/11.3.1/bits/allocator.h:174:7:std::allocator< <template-parameter-1-1> >::~allocator() [with _Tp = long unsigned int]	16	static
/Applications/STM32CubeIDE.app/Contents/Eclipse/plugins/com.st.stm32cube.ide.mcu.externaltools.gnu-tools-for-stm32.11.3.rel1.macos64_1.1.1.202309131626/tools/arm-none-eabi/include/c++/11.3.1/bits/stl_vector.h:333:7:std::_Vector_base<_Tp, _Alloc>::~_Vector_base() [with _Tp = long unsigned int; _Alloc = std::allocator<long unsigned int>]	16	static
/Applications/STM32CubeIDE.app/Contents/Eclipse/plugins/com.st.stm32cube.ide.mcu.externaltools.gnu-tools-for-stm32.11.3.rel1.macos64_1.1.1.202309131626/tools/arm-none-eabi/include/c++/11.3.1/bits/stl_vector.h:678:7:std::vector<_Tp, _Alloc>::~vector() [with _Tp = long unsigned int; _Alloc = std::allocator<long unsigned int>]	24	static
/Applications/STM32CubeIDE.app/Contents/Eclipse/plugins/com.st.stm32cube.ide.mcu.externaltools.gnu-tools-for-stm32.11.3.rel1.macos64_1.1.1.202309131626/tools/arm-none-eabi/include/c++/11.3.1/bits/stl_vector.h:937:7:void std::vector<_Tp, _Alloc>::resize(std::vector<_Tp, _Alloc>::size_type) [with _Tp = long unsigned int; _Alloc = std::allocator<long unsigned int>]	16	static
/Applications/STM32CubeIDE.app/Contents/Eclipse/plugins/com.st.stm32cube.ide.mcu.externaltools.gnu-tools-for-stm32.11.3.rel1.macos64_1.1.1.202309131626/tools/arm-none-eabi/include/c++/11.3.1/bits/stl_vector.h:1043:7:std::vector<_Tp, _Alloc>::reference std::vector<_Tp, _Alloc>::operator[](std::vector<_Tp, _Alloc>::size_type) [with _Tp = long unsigned int; _Alloc = std::allocator<long unsigned int>]	16	static
/Applications/STM32CubeIDE.app/Contents/Eclipse/plugins/com.st.stm32cube.ide.mcu.externaltools.gnu-tools-for-stm32.11.3.rel1.macos64_1.1.1.202309131626/tools/arm-none-eabi/include/c++/11.3.1/bits/stl_vector.h:1168:7:_Tp* std::vector<_Tp, _Alloc>::data() [with _Tp = long unsigned int; _Alloc = std::allocator<long unsigned int>]	16	static
/Applications/STM32CubeIDE.app/Contents/Eclipse/plugins/com.st.stm32cube.ide.mcu.externaltools.gnu-tools-for-stm32.11.3.rel1.macos64_1.1.1.202309131626/tools/arm-none-eabi/include/c++/11.3.1/bits/stl_vector.h:918:7:std::vector<_Tp, _Alloc>::size_type std::vector<_Tp, _Alloc>::size() const [with _Tp = long unsigned int; _Alloc = std::allocator<long unsigned int>]	16	static
/Applications/STM32CubeIDE.app/Contents/Eclipse/plugins/com.st.stm32cube.ide.mcu.externaltools.gnu-tools-for-stm32.11.3.rel1.macos64_1.1.1.202309131626/tools/arm-none-eabi/include/c++/11.3.1/bits/allocator.h:156:7:std::allocator< <template-parameter-1-1> >::allocator() [with _Tp = std::pair<const unsigned char, unsigned char>]	16	static
/Applications/STM32CubeIDE.app/Contents/Eclipse/plugins/com.st.stm32cube.ide.mcu.externaltools.gnu-tools-for-stm32.11.3.rel1.macos64_1.1.1.202309131626/tools/arm-none-eabi/include/c++/11.3.1/bits/allocator.h:174:7:std::allocator< <template-parameter-1-1> >::~allocator() [with _Tp = std::pair<const unsigned char, unsigned char>]	16	static
/Applications/STM32CubeIDE.app/Contents/Eclipse/plugins/com.st.stm32cube.ide.mcu.externaltools.gnu-tools-for-stm32.11.3.rel1.macos64_1.1.1.202309131626/tools/arm-none-eabi/include/c++/11.3.1/bits/unordered_map.h:227:7:std::unordered_map<_Key, _Tp, _Hash, _Pred, _Alloc>::unordered_map(std::initializer_list<typename std::_Hashtable<_Key, std::pair<const _Key, _Tp>, _Alloc, std::__detail::_Select1st, _Pred, _Hash, std::__detail::_Mod_range_hashing, std::__detail::_Default_ranged_hash, std::__detail::_Prime_rehash_policy, std::__detail::_Hashtable_traits<std::__not_<std::__and_<std::__is_fast_hash<_Hash>, std::__is_nothrow_invocable<const _Hash&, const _Key&> > >::value, false, true> >::value_type>, std::unordered_map<_Key, _Tp, _Hash, _Pred, _Alloc>::size_type, const hasher&, const key_equal&, const allocator_type&) [with _Key = unsigned char; _Tp = unsigned char; _Hash = std::hash<unsigned char>; _Pred = std::equal_to<unsigned char>; _Alloc = std::allocator<std::pair<const unsigned char, unsigned char> >]	40	static
/Applications/STM32CubeIDE.app/Contents/Eclipse/plugins/com.st.stm32cube.ide.mcu.externaltools.gnu-tools-for-stm32.11.3.rel1.macos64_1.1.1.202309131626/tools/arm-none-eabi/include/c++/11.3.1/bits/hashtable_policy.h:1127:7:std::__detail::_Hashtable_ebo_helper<_Nm, _Tp, true>::_Hashtable_ebo_helper() [with int _Nm = 1; _Tp = std::hash<unsigned char>]	16	static
/Applications/STM32CubeIDE.app/Contents/Eclipse/plugins/com.st.stm32cube.ide.mcu.externaltools.gnu-tools-for-stm32.11.3.rel1.macos64_1.1.1.202309131626/tools/arm-none-eabi/include/c++/11.3.1/bits/hashtable_policy.h:1127:7:std::__detail::_Hashtable_ebo_helper<_Nm, _Tp, true>::_Hashtable_ebo_helper() [with int _Nm = 0; _Tp = std::equal_to<unsigned char>]	16	static
/Applications/STM32CubeIDE.app/Contents/Eclipse/plugins/com.st.stm32cube.ide.mcu.externaltools.gnu-tools-for-stm32.11.3.rel1.macos64_1.1.1.202309131626/tools/arm-none-eabi/include/c++/11.3.1/bits/hashtable_policy.h:1127:7:std::__detail::_Hashtable_ebo_helper<_Nm, _Tp, true>::_Hashtable_ebo_helper() [with int _Nm = 0; _Tp = std::allocator<std::__detail::_Hash_node<std::pair<const unsigned char, std::queue<CurrentVoltagePair> >, false> >]	16	static
/Applications/STM32CubeIDE.app/Contents/Eclipse/plugins/com.st.stm32cube.ide.mcu.externaltools.gnu-tools-for-stm32.11.3.rel1.macos64_1.1.1.202309131626/tools/arm-none-eabi/include/c++/11.3.1/bits/allocator.h:174:7:std::allocator< <template-parameter-1-1> >::~allocator() [with _Tp = std::__detail::_Hash_node<std::pair<const unsigned char, std::queue<CurrentVoltagePair> >, false>]	16	static
/Applications/STM32CubeIDE.app/Contents/Eclipse/plugins/com.st.stm32cube.ide.mcu.externaltools.gnu-tools-for-stm32.11.3.rel1.macos64_1.1.1.202309131626/tools/arm-none-eabi/include/c++/11.3.1/bits/hashtable.h:1528:5:std::_Hashtable<_Key, _Value, _Alloc, _ExtractKey, _Equal, _Hash, _RangeHash, _Unused, _RehashPolicy, _Traits>::~_Hashtable() [with _Key = unsigned char; _Value = std::pair<const unsigned char, std::queue<CurrentVoltagePair> >; _Alloc = std::allocator<std::pair<const unsigned char, std::queue<CurrentVoltagePair> > >; _ExtractKey = std::__detail::_Select1st; _Equal = std::equal_to<unsigned char>; _Hash = std::hash<unsigned char>; _RangeHash = std::__detail::_Mod_range_hashing; _Unused = std::__detail::_Default_ranged_hash; _RehashPolicy = std::__detail::_Prime_rehash_policy; _Traits = std::__detail::_Hashtable_traits<false, false, true>]	16	static
/Applications/STM32CubeIDE.app/Contents/Eclipse/plugins/com.st.stm32cube.ide.mcu.externaltools.gnu-tools-for-stm32.11.3.rel1.macos64_1.1.1.202309131626/tools/arm-none-eabi/include/c++/11.3.1/bits/hashtable_policy.h:1127:7:std::__detail::_Hashtable_ebo_helper<_Nm, _Tp, true>::_Hashtable_ebo_helper() [with int _Nm = 0; _Tp = std::allocator<std::__detail::_Hash_node<std::pair<const unsigned char, double>, false> >]	16	static
/Applications/STM32CubeIDE.app/Contents/Eclipse/plugins/com.st.stm32cube.ide.mcu.externaltools.gnu-tools-for-stm32.11.3.rel1.macos64_1.1.1.202309131626/tools/arm-none-eabi/include/c++/11.3.1/bits/allocator.h:174:7:std::allocator< <template-parameter-1-1> >::~allocator() [with _Tp = std::__detail::_Hash_node<std::pair<const unsigned char, double>, false>]	16	static
/Applications/STM32CubeIDE.app/Contents/Eclipse/plugins/com.st.stm32cube.ide.mcu.externaltools.gnu-tools-for-stm32.11.3.rel1.macos64_1.1.1.202309131626/tools/arm-none-eabi/include/c++/11.3.1/bits/hashtable.h:1528:5:std::_Hashtable<_Key, _Value, _Alloc, _ExtractKey, _Equal, _Hash, _RangeHash, _Unused, _RehashPolicy, _Traits>::~_Hashtable() [with _Key = unsigned char; _Value = std::pair<const unsigned char, double>; _Alloc = std::allocator<std::pair<const unsigned char, double> >; _ExtractKey = std::__detail::_Select1st; _Equal = std::equal_to<unsigned char>; _Hash = std::hash<unsigned char>; _RangeHash = std::__detail::_Mod_range_hashing; _Unused = std::__detail::_Default_ranged_hash; _RehashPolicy = std::__detail::_Prime_rehash_policy; _Traits = std::__detail::_Hashtable_traits<false, false, true>]	16	static
/Applications/STM32CubeIDE.app/Contents/Eclipse/plugins/com.st.stm32cube.ide.mcu.externaltools.gnu-tools-for-stm32.11.3.rel1.macos64_1.1.1.202309131626/tools/arm-none-eabi/include/c++/11.3.1/bits/stl_list.h:380:2:std::__cxx11::_List_base<_Tp, _Alloc>::_List_impl::_List_impl() [with _Tp = std::unique_ptr<char []>; _Alloc = std::allocator<std::unique_ptr<char []> >]	16	static
/Applications/STM32CubeIDE.app/Contents/Eclipse/plugins/com.st.stm32cube.ide.mcu.externaltools.gnu-tools-for-stm32.11.3.rel1.macos64_1.1.1.202309131626/tools/arm-none-eabi/include/c++/11.3.1/bits/allocator.h:174:7:std::allocator< <template-parameter-1-1> >::~allocator() [with _Tp = std::_List_node<std::unique_ptr<char []> >]	16	static
/Applications/STM32CubeIDE.app/Contents/Eclipse/plugins/com.st.stm32cube.ide.mcu.externaltools.gnu-tools-for-stm32.11.3.rel1.macos64_1.1.1.202309131626/tools/arm-none-eabi/include/c++/11.3.1/bits/stl_list.h:499:7:std::__cxx11::_List_base<_Tp, _Alloc>::~_List_base() [with _Tp = std::unique_ptr<char []>; _Alloc = std::allocator<std::unique_ptr<char []> >]	16	static
/Applications/STM32CubeIDE.app/Contents/Eclipse/plugins/com.st.stm32cube.ide.mcu.externaltools.gnu-tools-for-stm32.11.3.rel1.macos64_1.1.1.202309131626/tools/arm-none-eabi/include/c++/11.3.1/bits/move.h:49:5:constexpr _Tp* std::__addressof(_Tp&) [with _Tp = std::__cxx11::basic_string<char>]	16	static
/Applications/STM32CubeIDE.app/Contents/Eclipse/plugins/com.st.stm32cube.ide.mcu.externaltools.gnu-tools-for-stm32.11.3.rel1.macos64_1.1.1.202309131626/tools/arm-none-eabi/include/c++/11.3.1/bits/stl_list.h:1056:7:bool std::__cxx11::list<_Tp, _Alloc>::empty() const [with _Tp = std::unique_ptr<char []>; _Alloc = std::allocator<std::unique_ptr<char []> >]	16	static
/Applications/STM32CubeIDE.app/Contents/Eclipse/plugins/com.st.stm32cube.ide.mcu.externaltools.gnu-tools-for-stm32.11.3.rel1.macos64_1.1.1.202309131626/tools/arm-none-eabi/include/c++/11.3.1/bits/stl_list.h:1115:7:std::__cxx11::list<_Tp, _Alloc>::reference std::__cxx11::list<_Tp, _Alloc>::front() [with _Tp = std::unique_ptr<char []>; _Alloc = std::allocator<std::unique_ptr<char []> >]	24	static
/Applications/STM32CubeIDE.app/Contents/Eclipse/plugins/com.st.stm32cube.ide.mcu.externaltools.gnu-tools-for-stm32.11.3.rel1.macos64_1.1.1.202309131626/tools/arm-none-eabi/include/c++/11.3.1/bits/stl_list.h:1198:7:void std::__cxx11::list<_Tp, _Alloc>::pop_front() [with _Tp = std::unique_ptr<char []>; _Alloc = std::allocator<std::unique_ptr<char []> >]	16	static
/Applications/STM32CubeIDE.app/Contents/Eclipse/plugins/com.st.stm32cube.ide.mcu.externaltools.gnu-tools-for-stm32.11.3.rel1.macos64_1.1.1.202309131626/tools/arm-none-eabi/include/c++/11.3.1/bits/stl_list.h:854:7:std::__cxx11::list<_Tp, _Alloc>& std::__cxx11::list<_Tp, _Alloc>::operator=(std::__cxx11::list<_Tp, _Alloc>&&) [with _Tp = std::unique_ptr<char []>; _Alloc = std::allocator<std::unique_ptr<char []> >]	32	static
/Applications/STM32CubeIDE.app/Contents/Eclipse/plugins/com.st.stm32cube.ide.mcu.externaltools.gnu-tools-for-stm32.11.3.rel1.macos64_1.1.1.202309131626/tools/arm-none-eabi/include/c++/11.3.1/bits/unordered_map.h:979:7:std::unordered_map<_Key, _Tp, _Hash, _Pred, _Alloc>::mapped_type& std::unordered_map<_Key, _Tp, _Hash, _Pred, _Alloc>::operator[](const key_type&) [with _Key = unsigned char; _Tp = std::queue<CurrentVoltagePair>; _Hash = std::hash<unsigned char>; _Pred = std::equal_to<unsigned char>; _Alloc = std::allocator<std::pair<const unsigned char, std::queue<CurrentVoltagePair> > >]	16	static
/Applications/STM32CubeIDE.app/Contents/Eclipse/plugins/com.st.stm32cube.ide.mcu.externaltools.gnu-tools-for-stm32.11.3.rel1.macos64_1.1.1.202309131626/tools/arm-none-eabi/include/c++/11.3.1/bits/stl_queue.h:265:7:void std::queue<_Tp, _Sequence>::push(const value_type&) [with _Tp = CurrentVoltagePair; _Sequence = std::deque<CurrentVoltagePair, std::allocator<CurrentVoltagePair> >]	16	static
/Applications/STM32CubeIDE.app/Contents/Eclipse/plugins/com.st.stm32cube.ide.mcu.externaltools.gnu-tools-for-stm32.11.3.rel1.macos64_1.1.1.202309131626/tools/arm-none-eabi/include/c++/11.3.1/bits/stl_queue.h:208:7:std::queue<_Tp, _Sequence>::size_type std::queue<_Tp, _Sequence>::size() const [with _Tp = CurrentVoltagePair; _Sequence = std::deque<CurrentVoltagePair, std::allocator<CurrentVoltagePair> >]	16	static
/Applications/STM32CubeIDE.app/Contents/Eclipse/plugins/com.st.stm32cube.ide.mcu.externaltools.gnu-tools-for-stm32.11.3.rel1.macos64_1.1.1.202309131626/tools/arm-none-eabi/include/c++/11.3.1/optional:941:26:constexpr std::optional<_Tp>::operator bool() const [with _Tp = long long int]	16	static
/Applications/STM32CubeIDE.app/Contents/Eclipse/plugins/com.st.stm32cube.ide.mcu.externaltools.gnu-tools-for-stm32.11.3.rel1.macos64_1.1.1.202309131626/tools/arm-none-eabi/include/c++/11.3.1/optional:432:22:constexpr bool std::_Optional_base_impl<_Tp, _Dp>::_M_is_engaged() const [with _Tp = long long int; _Dp = std::_Optional_base<long long int, true, true>]	16	static
/Applications/STM32CubeIDE.app/Contents/Eclipse/plugins/com.st.stm32cube.ide.mcu.externaltools.gnu-tools-for-stm32.11.3.rel1.macos64_1.1.1.202309131626/tools/arm-none-eabi/include/c++/11.3.1/optional:956:7:constexpr _Tp& std::optional<_Tp>::value() & [with _Tp = long long int]	16	static
/Applications/STM32CubeIDE.app/Contents/Eclipse/plugins/com.st.stm32cube.ide.mcu.externaltools.gnu-tools-for-stm32.11.3.rel1.macos64_1.1.1.202309131626/tools/arm-none-eabi/include/c++/11.3.1/bits/unordered_map.h:983:7:std::unordered_map<_Key, _Tp, _Hash, _Pred, _Alloc>::mapped_type& std::unordered_map<_Key, _Tp, _Hash, _Pred, _Alloc>::operator[](std::unordered_map<_Key, _Tp, _Hash, _Pred, _Alloc>::key_type&&) [with _Key = unsigned char; _Tp = double; _Hash = std::hash<unsigned char>; _Pred = std::equal_to<unsigned char>; _Alloc = std::allocator<std::pair<const unsigned char, double> >]	24	static
/Applications/STM32CubeIDE.app/Contents/Eclipse/plugins/com.st.stm32cube.ide.mcu.externaltools.gnu-tools-for-stm32.11.3.rel1.macos64_1.1.1.202309131626/tools/arm-none-eabi/include/c++/11.3.1/bits/unordered_map.h:325:7:std::unordered_map<_Key, _Tp, _Hash, _Pred, _Alloc>::iterator std::unordered_map<_Key, _Tp, _Hash, _Pred, _Alloc>::begin() [with _Key = unsigned char; _Tp = unsigned char; _Hash = std::hash<unsigned char>; _Pred = std::equal_to<unsigned char>; _Alloc = std::allocator<std::pair<const unsigned char, unsigned char> >]	16	static
/Applications/STM32CubeIDE.app/Contents/Eclipse/plugins/com.st.stm32cube.ide.mcu.externaltools.gnu-tools-for-stm32.11.3.rel1.macos64_1.1.1.202309131626/tools/arm-none-eabi/include/c++/11.3.1/bits/unordered_map.h:347:7:std::unordered_map<_Key, _Tp, _Hash, _Pred, _Alloc>::iterator std::unordered_map<_Key, _Tp, _Hash, _Pred, _Alloc>::end() [with _Key = unsigned char; _Tp = unsigned char; _Hash = std::hash<unsigned char>; _Pred = std::equal_to<unsigned char>; _Alloc = std::allocator<std::pair<const unsigned char, unsigned char> >]	16	static
/Applications/STM32CubeIDE.app/Contents/Eclipse/plugins/com.st.stm32cube.ide.mcu.externaltools.gnu-tools-for-stm32.11.3.rel1.macos64_1.1.1.202309131626/tools/arm-none-eabi/include/c++/11.3.1/bits/hashtable_policy.h:309:7:bool std::__detail::operator!=(const std::__detail::_Node_iterator_base<std::pair<const unsigned char, unsigned char>, false>&, const std::__detail::_Node_iterator_base<std::pair<const unsigned char, unsigned char>, false>&)	16	static
/Applications/STM32CubeIDE.app/Contents/Eclipse/plugins/com.st.stm32cube.ide.mcu.externaltools.gnu-tools-for-stm32.11.3.rel1.macos64_1.1.1.202309131626/tools/arm-none-eabi/include/c++/11.3.1/bits/hashtable_policy.h:350:7:std::__detail::_Node_iterator<_Value, __constant_iterators, __cache>& std::__detail::_Node_iterator<_Value, __constant_iterators, __cache>::operator++() [with _Value = std::pair<const unsigned char, unsigned char>; bool __constant_iterators = false; bool __cache = false]	16	static
/Applications/STM32CubeIDE.app/Contents/Eclipse/plugins/com.st.stm32cube.ide.mcu.externaltools.gnu-tools-for-stm32.11.3.rel1.macos64_1.1.1.202309131626/tools/arm-none-eabi/include/c++/11.3.1/bits/hashtable_policy.h:342:7:std::__detail::_Node_iterator<_Value, __constant_iterators, __cache>::reference std::__detail::_Node_iterator<_Value, __constant_iterators, __cache>::operator*() const [with _Value = std::pair<const unsigned char, unsigned char>; bool __constant_iterators = false; bool __cache = false]	16	static
/Applications/STM32CubeIDE.app/Contents/Eclipse/plugins/com.st.stm32cube.ide.mcu.externaltools.gnu-tools-for-stm32.11.3.rel1.macos64_1.1.1.202309131626/tools/arm-none-eabi/include/c++/11.3.1/bits/unordered_map.h:979:7:std::unordered_map<_Key, _Tp, _Hash, _Pred, _Alloc>::mapped_type& std::unordered_map<_Key, _Tp, _Hash, _Pred, _Alloc>::operator[](const key_type&) [with _Key = unsigned char; _Tp = double; _Hash = std::hash<unsigned char>; _Pred = std::equal_to<unsigned char>; _Alloc = std::allocator<std::pair<const unsigned char, double> >]	16	static
/Applications/STM32CubeIDE.app/Contents/Eclipse/plugins/com.st.stm32cube.ide.mcu.externaltools.gnu-tools-for-stm32.11.3.rel1.macos64_1.1.1.202309131626/tools/arm-none-eabi/include/c++/11.3.1/bits/stl_deque.h:834:7:std::deque<_Tp, _Alloc>::deque() [with _Tp = CurrentVoltagePair; _Alloc = std::allocator<CurrentVoltagePair>]	16	static
/Applications/STM32CubeIDE.app/Contents/Eclipse/plugins/com.st.stm32cube.ide.mcu.externaltools.gnu-tools-for-stm32.11.3.rel1.macos64_1.1.1.202309131626/tools/arm-none-eabi/include/c++/11.3.1/bits/stl_queue.h:166:2:std::queue<_Tp, _Sequence>::queue() [with _Seq = std::deque<CurrentVoltagePair, std::allocator<CurrentVoltagePair> >; _Requires = void; _Tp = CurrentVoltagePair; _Sequence = std::deque<CurrentVoltagePair, std::allocator<CurrentVoltagePair> >]	16	static
/Applications/STM32CubeIDE.app/Contents/Eclipse/plugins/com.st.stm32cube.ide.mcu.externaltools.gnu-tools-for-stm32.11.3.rel1.macos64_1.1.1.202309131626/tools/arm-none-eabi/include/c++/11.3.1/bits/stl_deque.h:1006:7:std::deque<_Tp, _Alloc>::~deque() [with _Tp = CurrentVoltagePair; _Alloc = std::allocator<CurrentVoltagePair>]	48	static
/Applications/STM32CubeIDE.app/Contents/Eclipse/plugins/com.st.stm32cube.ide.mcu.externaltools.gnu-tools-for-stm32.11.3.rel1.macos64_1.1.1.202309131626/tools/arm-none-eabi/include/c++/11.3.1/bits/stl_deque.h:1031:7:std::deque<_Tp, _Alloc>& std::deque<_Tp, _Alloc>::operator=(std::deque<_Tp, _Alloc>&&) [with _Tp = CurrentVoltagePair; _Alloc = std::allocator<CurrentVoltagePair>]	24	static
/Applications/STM32CubeIDE.app/Contents/Eclipse/plugins/com.st.stm32cube.ide.mcu.externaltools.gnu-tools-for-stm32.11.3.rel1.macos64_1.1.1.202309131626/tools/arm-none-eabi/include/c++/11.3.1/bits/stl_queue.h:270:7:void std::queue<_Tp, _Sequence>::push(std::queue<_Tp, _Sequence>::value_type&&) [with _Tp = CurrentVoltagePair; _Sequence = std::deque<CurrentVoltagePair, std::allocator<CurrentVoltagePair> >]	24	static
/Applications/STM32CubeIDE.app/Contents/Eclipse/plugins/com.st.stm32cube.ide.mcu.externaltools.gnu-tools-for-stm32.11.3.rel1.macos64_1.1.1.202309131626/tools/arm-none-eabi/include/c++/11.3.1/bits/basic_string.h:638:9:std::__cxx11::basic_string<_CharT, _Traits, _Alloc>::basic_string(_InputIterator, _InputIterator, const _Alloc&) [with _InputIterator = char*; <template-parameter-2-2> = void; _CharT = char; _Traits = std::char_traits<char>; _Alloc = std::allocator<char>]	32	static
/Applications/STM32CubeIDE.app/Contents/Eclipse/plugins/com.st.stm32cube.ide.mcu.externaltools.gnu-tools-for-stm32.11.3.rel1.macos64_1.1.1.202309131626/tools/arm-none-eabi/include/c++/11.3.1/bits/move.h:104:5:constexpr typename std::remove_reference<_Tp>::type&& std::move(_Tp&&) [with _Tp = std::__cxx11::basic_string<char>&]	16	static
/Applications/STM32CubeIDE.app/Contents/Eclipse/plugins/com.st.stm32cube.ide.mcu.externaltools.gnu-tools-for-stm32.11.3.rel1.macos64_1.1.1.202309131626/tools/arm-none-eabi/include/c++/11.3.1/bits/move.h:77:5:constexpr _Tp&& std::forward(typename std::remove_reference<_Tp>::type&) [with _Tp = bool]	16	static
/Applications/STM32CubeIDE.app/Contents/Eclipse/plugins/com.st.stm32cube.ide.mcu.externaltools.gnu-tools-for-stm32.11.3.rel1.macos64_1.1.1.202309131626/tools/arm-none-eabi/include/c++/11.3.1/ext/alloc_traits.h:97:29:static constexpr _Alloc __gnu_cxx::__alloc_traits<_Alloc, <template-parameter-1-2> >::_S_select_on_copy(const _Alloc&) [with _Alloc = std::allocator<std::__detail::_Hash_node<std::pair<const unsigned char, unsigned char>, false> >; <template-parameter-1-2> = std::__detail::_Hash_node<std::pair<const unsigned char, unsigned char>, false>]	16	static
/Applications/STM32CubeIDE.app/Contents/Eclipse/plugins/com.st.stm32cube.ide.mcu.externaltools.gnu-tools-for-stm32.11.3.rel1.macos64_1.1.1.202309131626/tools/arm-none-eabi/include/c++/11.3.1/bits/hashtable_policy.h:1837:7:const __node_alloc_type& std::__detail::_Hashtable_alloc<_NodeAlloc>::_M_node_allocator() const [with _NodeAlloc = std::allocator<std::__detail::_Hash_node<std::pair<const unsigned char, unsigned char>, false> >]	16	static
/Applications/STM32CubeIDE.app/Contents/Eclipse/plugins/com.st.stm32cube.ide.mcu.externaltools.gnu-tools-for-stm32.11.3.rel1.macos64_1.1.1.202309131626/tools/arm-none-eabi/include/c++/11.3.1/bits/allocator.h:174:7:std::allocator< <template-parameter-1-1> >::~allocator() [with _Tp = std::__detail::_Hash_node<std::pair<const unsigned char, unsigned char>, false>]	16	static
/Applications/STM32CubeIDE.app/Contents/Eclipse/plugins/com.st.stm32cube.ide.mcu.externaltools.gnu-tools-for-stm32.11.3.rel1.macos64_1.1.1.202309131626/tools/arm-none-eabi/include/c++/11.3.1/bits/hashtable_policy.h:1828:2:std::__detail::_Hashtable_alloc<_NodeAlloc>::_Hashtable_alloc(_Alloc&&) [with _Alloc = std::allocator<std::__detail::_Hash_node<std::pair<const unsigned char, unsigned char>, false> >; _NodeAlloc = std::allocator<std::__detail::_Hash_node<std::pair<const unsigned char, unsigned char>, false> >]	16	static
/Applications/STM32CubeIDE.app/Contents/Eclipse/plugins/com.st.stm32cube.ide.mcu.externaltools.gnu-tools-for-stm32.11.3.rel1.macos64_1.1.1.202309131626/tools/arm-none-eabi/include/c++/11.3.1/bits/hashtable_policy.h:162:7:std::__detail::_AllocNode<_NodeAlloc>::_AllocNode(std::__detail::_AllocNode<_NodeAlloc>::__hashtable_alloc&) [with _NodeAlloc = std::allocator<std::__detail::_Hash_node<std::pair<const unsigned char, unsigned char>, false> >]	16	static
/Applications/STM32CubeIDE.app/Contents/Eclipse/plugins/com.st.stm32cube.ide.mcu.externaltools.gnu-tools-for-stm32.11.3.rel1.macos64_1.1.1.202309131626/tools/arm-none-eabi/include/c++/11.3.1/bits/hashtable.h:1289:7:void std::_Hashtable<_Key, _Value, _Alloc, _ExtractKey, _Equal, _Hash, _RangeHash, _Unused, _RehashPolicy, _Traits>::_M_assign(_Ht&&, const _NodeGenerator&) [with _Ht = const std::_Hashtable<unsigned char, std::pair<const unsigned char, unsigned char>, std::allocator<std::pair<const unsigned char, unsigned char> >, std::__detail::_Select1st, std::equal_to<unsigned char>, std::hash<unsigned char>, std::__detail::_Mod_range_hashing, std::__detail::_Default_ranged_hash, std::__detail::_Prime_rehash_policy, std::__detail::_Hashtable_traits<false, false, true> >&; _NodeGenerator = std::__detail::_AllocNode<std::allocator<std::__detail::_Hash_node<std::pair<const unsigned char, unsigned char>, false> > >; _Key = unsigned char; _Value = std::pair<const unsigned char, unsigned char>; _Alloc = std::allocator<std::pair<const unsigned char, unsigned char> >; _ExtractKey = std::__detail::_Select1st; _Equal = std::equal_to<unsigned char>; _Hash = std::hash<unsigned char>; _RangeHash = std::__detail::_Mod_range_hashing; _Unused = std::__detail::_Default_ranged_hash; _RehashPolicy = std::__detail::_Prime_rehash_policy; _Traits = std::__detail::_Hashtable_traits<false, false, true>]	48	static
/Applications/STM32CubeIDE.app/Contents/Eclipse/plugins/com.st.stm32cube.ide.mcu.externaltools.gnu-tools-for-stm32.11.3.rel1.macos64_1.1.1.202309131626/tools/arm-none-eabi/include/c++/11.3.1/bits/hashtable.h:2316:5:void std::_Hashtable<_Key, _Value, _Alloc, _ExtractKey, _Equal, _Hash, _RangeHash, _Unused, _RehashPolicy, _Traits>::clear() [with _Key = unsigned char; _Value = std::pair<const unsigned char, unsigned char>; _Alloc = std::allocator<std::pair<const unsigned char, unsigned char> >; _ExtractKey = std::__detail::_Select1st; _Equal = std::equal_to<unsigned char>; _Hash = std::hash<unsigned char>; _RangeHash = std::__detail::_Mod_range_hashing; _Unused = std::__detail::_Default_ranged_hash; _RehashPolicy = std::__detail::_Prime_rehash_policy; _Traits = std::__detail::_Hashtable_traits<false, false, true>]	16	static
/Applications/STM32CubeIDE.app/Contents/Eclipse/plugins/com.st.stm32cube.ide.mcu.externaltools.gnu-tools-for-stm32.11.3.rel1.macos64_1.1.1.202309131626/tools/arm-none-eabi/include/c++/11.3.1/bits/hashtable.h:453:7:void std::_Hashtable<_Key, _Value, _Alloc, _ExtractKey, _Equal, _Hash, _RangeHash, _Unused, _RehashPolicy, _Traits>::_M_deallocate_buckets() [with _Key = unsigned char; _Value = std::pair<const unsigned char, unsigned char>; _Alloc = std::allocator<std::pair<const unsigned char, unsigned char> >; _ExtractKey = std::__detail::_Select1st; _Equal = std::equal_to<unsigned char>; _Hash = std::hash<unsigned char>; _RangeHash = std::__detail::_Mod_range_hashing; _Unused = std::__detail::_Default_ranged_hash; _RehashPolicy = std::__detail::_Prime_rehash_policy; _Traits = std::__detail::_Hashtable_traits<false, false, true>]	16	static
/Applications/STM32CubeIDE.app/Contents/Eclipse/plugins/com.st.stm32cube.ide.mcu.externaltools.gnu-tools-for-stm32.11.3.rel1.macos64_1.1.1.202309131626/tools/arm-none-eabi/include/c++/11.3.1/ext/alloc_traits.h:97:29:static constexpr _Alloc __gnu_cxx::__alloc_traits<_Alloc, <template-parameter-1-2> >::_S_select_on_copy(const _Alloc&) [with _Alloc = std::allocator<char>; <template-parameter-1-2> = char]	16	static
/Applications/STM32CubeIDE.app/Contents/Eclipse/plugins/com.st.stm32cube.ide.mcu.externaltools.gnu-tools-for-stm32.11.3.rel1.macos64_1.1.1.202309131626/tools/arm-none-eabi/include/c++/11.3.1/bits/basic_string.h:271:9:void std::__cxx11::basic_string<_CharT, _Traits, _Alloc>::_M_construct(_InIterator, _InIterator) [with _InIterator = char*; _CharT = char; _Traits = std::char_traits<char>; _Alloc = std::allocator<char>]	24	static
/Applications/STM32CubeIDE.app/Contents/Eclipse/plugins/com.st.stm32cube.ide.mcu.externaltools.gnu-tools-for-stm32.11.3.rel1.macos64_1.1.1.202309131626/tools/arm-none-eabi/include/c++/11.3.1/bits/unique_ptr.h:172:18:std::__uniq_ptr_impl<_Tp, _Dp>::pointer& std::__uniq_ptr_impl<_Tp, _Dp>::_M_ptr() [with _Tp = char; _Dp = std::default_delete<char []>]	16	static
/Applications/STM32CubeIDE.app/Contents/Eclipse/plugins/com.st.stm32cube.ide.mcu.externaltools.gnu-tools-for-stm32.11.3.rel1.macos64_1.1.1.202309131626/tools/arm-none-eabi/include/c++/11.3.1/bits/unique_ptr.h:670:7:std::unique_ptr<_Tp [], _Dp>::deleter_type& std::unique_ptr<_Tp [], _Dp>::get_deleter() [with _Tp = char; _Dp = std::default_delete<char []>]	16	static
/Applications/STM32CubeIDE.app/Contents/Eclipse/plugins/com.st.stm32cube.ide.mcu.externaltools.gnu-tools-for-stm32.11.3.rel1.macos64_1.1.1.202309131626/tools/arm-none-eabi/include/c++/11.3.1/bits/unique_ptr.h:116:2:typename std::enable_if<std::is_convertible<_Up (*)[], _Tp (*)[]>::value>::type std::default_delete<_Tp []>::operator()(_Up*) const [with _Up = char; _Tp = char]	16	static
/Applications/STM32CubeIDE.app/Contents/Eclipse/plugins/com.st.stm32cube.ide.mcu.externaltools.gnu-tools-for-stm32.11.3.rel1.macos64_1.1.1.202309131626/tools/arm-none-eabi/include/c++/11.3.1/bits/stl_iterator_base_funcs.h:138:5:constexpr typename std::iterator_traits< <template-parameter-1-1> >::difference_type std::distance(_InputIterator, _InputIterator) [with _InputIterator = const char*]	24	static
/Applications/STM32CubeIDE.app/Contents/Eclipse/plugins/com.st.stm32cube.ide.mcu.externaltools.gnu-tools-for-stm32.11.3.rel1.macos64_1.1.1.202309131626/tools/arm-none-eabi/include/c++/11.3.1/bits/basic_string.tcc:206:7:void std::__cxx11::basic_string<_CharT, _Traits, _Alloc>::_M_construct(_InIterator, _InIterator, std::forward_iterator_tag) [with _FwdIterator = const char*; _CharT = char; _Traits = std::char_traits<char>; _Alloc = std::allocator<char>]	32	static
/Applications/STM32CubeIDE.app/Contents/Eclipse/plugins/com.st.stm32cube.ide.mcu.externaltools.gnu-tools-for-stm32.11.3.rel1.macos64_1.1.1.202309131626/tools/arm-none-eabi/include/c++/11.3.1/bits/stl_deque.h:521:14:std::_Deque_base<std::__cxx11::basic_string<char>, std::allocator<std::__cxx11::basic_string<char> > >::_Deque_impl::~_Deque_impl()	16	static
/Applications/STM32CubeIDE.app/Contents/Eclipse/plugins/com.st.stm32cube.ide.mcu.externaltools.gnu-tools-for-stm32.11.3.rel1.macos64_1.1.1.202309131626/tools/arm-none-eabi/include/c++/11.3.1/bits/stl_deque.h:437:7:std::_Deque_base<_Tp, _Alloc>::_Deque_base() [with _Tp = std::__cxx11::basic_string<char>; _Alloc = std::allocator<std::__cxx11::basic_string<char> >]	16	static
/Applications/STM32CubeIDE.app/Contents/Eclipse/plugins/com.st.stm32cube.ide.mcu.externaltools.gnu-tools-for-stm32.11.3.rel1.macos64_1.1.1.202309131626/tools/arm-none-eabi/include/c++/11.3.1/bits/stl_deque.h:596:5:std::_Deque_base<_Tp, _Alloc>::~_Deque_base() [with _Tp = std::__cxx11::basic_string<char>; _Alloc = std::allocator<std::__cxx11::basic_string<char> >]	16	static
/Applications/STM32CubeIDE.app/Contents/Eclipse/plugins/com.st.stm32cube.ide.mcu.externaltools.gnu-tools-for-stm32.11.3.rel1.macos64_1.1.1.202309131626/tools/arm-none-eabi/include/c++/11.3.1/bits/stl_deque.h:1128:7:std::deque<_Tp, _Alloc>::iterator std::deque<_Tp, _Alloc>::begin() [with _Tp = std::__cxx11::basic_string<char>; _Alloc = std::allocator<std::__cxx11::basic_string<char> >]	16	static
/Applications/STM32CubeIDE.app/Contents/Eclipse/plugins/com.st.stm32cube.ide.mcu.externaltools.gnu-tools-for-stm32.11.3.rel1.macos64_1.1.1.202309131626/tools/arm-none-eabi/include/c++/11.3.1/bits/stl_deque.h:1145:7:std::deque<_Tp, _Alloc>::iterator std::deque<_Tp, _Alloc>::end() [with _Tp = std::__cxx11::basic_string<char>; _Alloc = std::allocator<std::__cxx11::basic_string<char> >]	16	static
/Applications/STM32CubeIDE.app/Contents/Eclipse/plugins/com.st.stm32cube.ide.mcu.externaltools.gnu-tools-for-stm32.11.3.rel1.macos64_1.1.1.202309131626/tools/arm-none-eabi/include/c++/11.3.1/bits/stl_deque.h:547:7:std::_Deque_base<_Tp, _Alloc>::_Tp_alloc_type& std::_Deque_base<_Tp, _Alloc>::_M_get_Tp_allocator() [with _Tp = std::__cxx11::basic_string<char>; _Alloc = std::allocator<std::__cxx11::basic_string<char> >]	16	static
/Applications/STM32CubeIDE.app/Contents/Eclipse/plugins/com.st.stm32cube.ide.mcu.externaltools.gnu-tools-for-stm32.11.3.rel1.macos64_1.1.1.202309131626/tools/arm-none-eabi/include/c++/11.3.1/bits/stl_deque.h:2045:7:void std::deque<_Tp, _Alloc>::_M_destroy_data(std::deque<_Tp, _Alloc>::iterator, std::deque<_Tp, _Alloc>::iterator, const std::allocator<_CharT>&) [with _Tp = std::__cxx11::basic_string<char>; _Alloc = std::allocator<std::__cxx11::basic_string<char> >]	56	static
/Applications/STM32CubeIDE.app/Contents/Eclipse/plugins/com.st.stm32cube.ide.mcu.externaltools.gnu-tools-for-stm32.11.3.rel1.macos64_1.1.1.202309131626/tools/arm-none-eabi/include/c++/11.3.1/bits/allocator.h:156:7:std::allocator< <template-parameter-1-1> >::allocator() [with _Tp = long unsigned int]	16	static
/Applications/STM32CubeIDE.app/Contents/Eclipse/plugins/com.st.stm32cube.ide.mcu.externaltools.gnu-tools-for-stm32.11.3.rel1.macos64_1.1.1.202309131626/tools/arm-none-eabi/include/c++/11.3.1/bits/stl_vector.h:97:2:std::_Vector_base<_Tp, _Alloc>::_Vector_impl_data::_Vector_impl_data() [with _Tp = long unsigned int; _Alloc = std::allocator<long unsigned int>]	16	static
/Applications/STM32CubeIDE.app/Contents/Eclipse/plugins/com.st.stm32cube.ide.mcu.externaltools.gnu-tools-for-stm32.11.3.rel1.macos64_1.1.1.202309131626/tools/arm-none-eabi/include/c++/11.3.1/ext/new_allocator.h:89:7:__gnu_cxx::new_allocator<_Tp>::~new_allocator() [with _Tp = long unsigned int]	16	static
/Applications/STM32CubeIDE.app/Contents/Eclipse/plugins/com.st.stm32cube.ide.mcu.externaltools.gnu-tools-for-stm32.11.3.rel1.macos64_1.1.1.202309131626/tools/arm-none-eabi/include/c++/11.3.1/bits/stl_vector.h:350:7:void std::_Vector_base<_Tp, _Alloc>::_M_deallocate(std::_Vector_base<_Tp, _Alloc>::pointer, std::size_t) [with _Tp = long unsigned int; _Alloc = std::allocator<long unsigned int>]	24	static
/Applications/STM32CubeIDE.app/Contents/Eclipse/plugins/com.st.stm32cube.ide.mcu.externaltools.gnu-tools-for-stm32.11.3.rel1.macos64_1.1.1.202309131626/tools/arm-none-eabi/include/c++/11.3.1/bits/stl_vector.h:276:7:std::_Vector_base<_Tp, _Alloc>::_Tp_alloc_type& std::_Vector_base<_Tp, _Alloc>::_M_get_Tp_allocator() [with _Tp = long unsigned int; _Alloc = std::allocator<long unsigned int>]	16	static
/Applications/STM32CubeIDE.app/Contents/Eclipse/plugins/com.st.stm32cube.ide.mcu.externaltools.gnu-tools-for-stm32.11.3.rel1.macos64_1.1.1.202309131626/tools/arm-none-eabi/include/c++/11.3.1/bits/alloc_traits.h:845:5:void std::_Destroy(_ForwardIterator, _ForwardIterator, std::allocator<_T2>&) [with _ForwardIterator = long unsigned int*; _Tp = long unsigned int]	24	static
/Applications/STM32CubeIDE.app/Contents/Eclipse/plugins/com.st.stm32cube.ide.mcu.externaltools.gnu-tools-for-stm32.11.3.rel1.macos64_1.1.1.202309131626/tools/arm-none-eabi/include/c++/11.3.1/bits/vector.tcc:611:5:void std::vector<_Tp, _Alloc>::_M_default_append(std::vector<_Tp, _Alloc>::size_type) [with _Tp = long unsigned int; _Alloc = std::allocator<long unsigned int>]	40	static
/Applications/STM32CubeIDE.app/Contents/Eclipse/plugins/com.st.stm32cube.ide.mcu.externaltools.gnu-tools-for-stm32.11.3.rel1.macos64_1.1.1.202309131626/tools/arm-none-eabi/include/c++/11.3.1/bits/stl_vector.h:1792:7:void std::vector<_Tp, _Alloc>::_M_erase_at_end(std::vector<_Tp, _Alloc>::pointer) [with _Tp = long unsigned int; _Alloc = std::allocator<long unsigned int>]	32	static
/Applications/STM32CubeIDE.app/Contents/Eclipse/plugins/com.st.stm32cube.ide.mcu.externaltools.gnu-tools-for-stm32.11.3.rel1.macos64_1.1.1.202309131626/tools/arm-none-eabi/include/c++/11.3.1/bits/stl_vector.h:1844:2:_Up* std::vector<_Tp, _Alloc>::_M_data_ptr(_Up*) const [with _Up = long unsigned int; _Tp = long unsigned int; _Alloc = std::allocator<long unsigned int>]	16	static
/Applications/STM32CubeIDE.app/Contents/Eclipse/plugins/com.st.stm32cube.ide.mcu.externaltools.gnu-tools-for-stm32.11.3.rel1.macos64_1.1.1.202309131626/tools/arm-none-eabi/include/c++/11.3.1/ext/new_allocator.h:79:7:__gnu_cxx::new_allocator<_Tp>::new_allocator() [with _Tp = std::pair<const unsigned char, unsigned char>]	16	static
/Applications/STM32CubeIDE.app/Contents/Eclipse/plugins/com.st.stm32cube.ide.mcu.externaltools.gnu-tools-for-stm32.11.3.rel1.macos64_1.1.1.202309131626/tools/arm-none-eabi/include/c++/11.3.1/ext/new_allocator.h:89:7:__gnu_cxx::new_allocator<_Tp>::~new_allocator() [with _Tp = std::pair<const unsigned char, unsigned char>]	16	static
/Applications/STM32CubeIDE.app/Contents/Eclipse/plugins/com.st.stm32cube.ide.mcu.externaltools.gnu-tools-for-stm32.11.3.rel1.macos64_1.1.1.202309131626/tools/arm-none-eabi/include/c++/11.3.1/bits/hashtable.h:569:7:std::_Hashtable<_Key, _Value, _Alloc, _ExtractKey, _Equal, _Hash, _RangeHash, _Unused, _RehashPolicy, _Traits>::_Hashtable(std::initializer_list<_Value>, std::_Hashtable<_Key, _Value, _Alloc, _ExtractKey, _Equal, _Hash, _RangeHash, _Unused, _RehashPolicy, _Traits>::size_type, const _Hash&, const key_equal&, const allocator_type&) [with _Key = unsigned char; _Value = std::pair<const unsigned char, unsigned char>; _Alloc = std::allocator<std::pair<const unsigned char, unsigned char> >; _ExtractKey = std::__detail::_Select1st; _Equal = std::equal_to<unsigned char>; _Hash = std::hash<unsigned char>; _RangeHash = std::__detail::_Mod_range_hashing; _Unused = std::__detail::_Default_ranged_hash; _RehashPolicy = std::__detail::_Prime_rehash_policy; _Traits = std::__detail::_Hashtable_traits<false, false, true>]	48	static
/Applications/STM32CubeIDE.app/Contents/Eclipse/plugins/com.st.stm32cube.ide.mcu.externaltools.gnu-tools-for-stm32.11.3.rel1.macos64_1.1.1.202309131626/tools/arm-none-eabi/include/c++/11.3.1/bits/allocator.h:156:7:std::allocator< <template-parameter-1-1> >::allocator() [with _Tp = std::__detail::_Hash_node<std::pair<const unsigned char, std::queue<CurrentVoltagePair> >, false>]	16	static
/Applications/STM32CubeIDE.app/Contents/Eclipse/plugins/com.st.stm32cube.ide.mcu.externaltools.gnu-tools-for-stm32.11.3.rel1.macos64_1.1.1.202309131626/tools/arm-none-eabi/include/c++/11.3.1/ext/new_allocator.h:89:7:__gnu_cxx::new_allocator<_Tp>::~new_allocator() [with _Tp = std::__detail::_Hash_node<std::pair<const unsigned char, std::queue<CurrentVoltagePair> >, false>]	16	static
/Applications/STM32CubeIDE.app/Contents/Eclipse/plugins/com.st.stm32cube.ide.mcu.externaltools.gnu-tools-for-stm32.11.3.rel1.macos64_1.1.1.202309131626/tools/arm-none-eabi/include/c++/11.3.1/bits/hashtable.h:2316:5:void std::_Hashtable<_Key, _Value, _Alloc, _ExtractKey, _Equal, _Hash, _RangeHash, _Unused, _RehashPolicy, _Traits>::clear() [with _Key = unsigned char; _Value = std::pair<const unsigned char, std::queue<CurrentVoltagePair> >; _Alloc = std::allocator<std::pair<const unsigned char, std::queue<CurrentVoltagePair> > >; _ExtractKey = std::__detail::_Select1st; _Equal = std::equal_to<unsigned char>; _Hash = std::hash<unsigned char>; _RangeHash = std::__detail::_Mod_range_hashing; _Unused = std::__detail::_Default_ranged_hash; _RehashPolicy = std::__detail::_Prime_rehash_policy; _Traits = std::__detail::_Hashtable_traits<false, false, true>]	16	static
/Applications/STM32CubeIDE.app/Contents/Eclipse/plugins/com.st.stm32cube.ide.mcu.externaltools.gnu-tools-for-stm32.11.3.rel1.macos64_1.1.1.202309131626/tools/arm-none-eabi/include/c++/11.3.1/bits/hashtable.h:453:7:void std::_Hashtable<_Key, _Value, _Alloc, _ExtractKey, _Equal, _Hash, _RangeHash, _Unused, _RehashPolicy, _Traits>::_M_deallocate_buckets() [with _Key = unsigned char; _Value = std::pair<const unsigned char, std::queue<CurrentVoltagePair> >; _Alloc = std::allocator<std::pair<const unsigned char, std::queue<CurrentVoltagePair> > >; _ExtractKey = std::__detail::_Select1st; _Equal = std::equal_to<unsigned char>; _Hash = std::hash<unsigned char>; _RangeHash = std::__detail::_Mod_range_hashing; _Unused = std::__detail::_Default_ranged_hash; _RehashPolicy = std::__detail::_Prime_rehash_policy; _Traits = std::__detail::_Hashtable_traits<false, false, true>]	16	static
/Applications/STM32CubeIDE.app/Contents/Eclipse/plugins/com.st.stm32cube.ide.mcu.externaltools.gnu-tools-for-stm32.11.3.rel1.macos64_1.1.1.202309131626/tools/arm-none-eabi/include/c++/11.3.1/bits/allocator.h:156:7:std::allocator< <template-parameter-1-1> >::allocator() [with _Tp = std::__detail::_Hash_node<std::pair<const unsigned char, double>, false>]	16	static
/Applications/STM32CubeIDE.app/Contents/Eclipse/plugins/com.st.stm32cube.ide.mcu.externaltools.gnu-tools-for-stm32.11.3.rel1.macos64_1.1.1.202309131626/tools/arm-none-eabi/include/c++/11.3.1/ext/new_allocator.h:89:7:__gnu_cxx::new_allocator<_Tp>::~new_allocator() [with _Tp = std::__detail::_Hash_node<std::pair<const unsigned char, double>, false>]	16	static
/Applications/STM32CubeIDE.app/Contents/Eclipse/plugins/com.st.stm32cube.ide.mcu.externaltools.gnu-tools-for-stm32.11.3.rel1.macos64_1.1.1.202309131626/tools/arm-none-eabi/include/c++/11.3.1/bits/hashtable.h:2316:5:void std::_Hashtable<_Key, _Value, _Alloc, _ExtractKey, _Equal, _Hash, _RangeHash, _Unused, _RehashPolicy, _Traits>::clear() [with _Key = unsigned char; _Value = std::pair<const unsigned char, double>; _Alloc = std::allocator<std::pair<const unsigned char, double> >; _ExtractKey = std::__detail::_Select1st; _Equal = std::equal_to<unsigned char>; _Hash = std::hash<unsigned char>; _RangeHash = std::__detail::_Mod_range_hashing; _Unused = std::__detail::_Default_ranged_hash; _RehashPolicy = std::__detail::_Prime_rehash_policy; _Traits = std::__detail::_Hashtable_traits<false, false, true>]	16	static
/Applications/STM32CubeIDE.app/Contents/Eclipse/plugins/com.st.stm32cube.ide.mcu.externaltools.gnu-tools-for-stm32.11.3.rel1.macos64_1.1.1.202309131626/tools/arm-none-eabi/include/c++/11.3.1/bits/hashtable.h:453:7:void std::_Hashtable<_Key, _Value, _Alloc, _ExtractKey, _Equal, _Hash, _RangeHash, _Unused, _RehashPolicy, _Traits>::_M_deallocate_buckets() [with _Key = unsigned char; _Value = std::pair<const unsigned char, double>; _Alloc = std::allocator<std::pair<const unsigned char, double> >; _ExtractKey = std::__detail::_Select1st; _Equal = std::equal_to<unsigned char>; _Hash = std::hash<unsigned char>; _RangeHash = std::__detail::_Mod_range_hashing; _Unused = std::__detail::_Default_ranged_hash; _RehashPolicy = std::__detail::_Prime_rehash_policy; _Traits = std::__detail::_Hashtable_traits<false, false, true>]	16	static
/Applications/STM32CubeIDE.app/Contents/Eclipse/plugins/com.st.stm32cube.ide.mcu.externaltools.gnu-tools-for-stm32.11.3.rel1.macos64_1.1.1.202309131626/tools/arm-none-eabi/include/c++/11.3.1/bits/allocator.h:156:7:std::allocator< <template-parameter-1-1> >::allocator() [with _Tp = std::_List_node<std::unique_ptr<char []> >]	16	static
/Applications/STM32CubeIDE.app/Contents/Eclipse/plugins/com.st.stm32cube.ide.mcu.externaltools.gnu-tools-for-stm32.11.3.rel1.macos64_1.1.1.202309131626/tools/arm-none-eabi/include/c++/11.3.1/ext/new_allocator.h:89:7:__gnu_cxx::new_allocator<_Tp>::~new_allocator() [with _Tp = std::_List_node<std::unique_ptr<char []> >]	16	static
/Applications/STM32CubeIDE.app/Contents/Eclipse/plugins/com.st.stm32cube.ide.mcu.externaltools.gnu-tools-for-stm32.11.3.rel1.macos64_1.1.1.202309131626/tools/arm-none-eabi/include/c++/11.3.1/bits/list.tcc:66:5:void std::__cxx11::_List_base<_Tp, _Alloc>::_M_clear() [with _Tp = std::unique_ptr<char []>; _Alloc = std::allocator<std::unique_ptr<char []> >]	32	static
/Applications/STM32CubeIDE.app/Contents/Eclipse/plugins/com.st.stm32cube.ide.mcu.externaltools.gnu-tools-for-stm32.11.3.rel1.macos64_1.1.1.202309131626/tools/arm-none-eabi/include/c++/11.3.1/bits/stl_list.h:946:7:std::__cxx11::list<_Tp, _Alloc>::iterator std::__cxx11::list<_Tp, _Alloc>::begin() [with _Tp = std::unique_ptr<char []>; _Alloc = std::allocator<std::unique_ptr<char []> >]	24	static
/Applications/STM32CubeIDE.app/Contents/Eclipse/plugins/com.st.stm32cube.ide.mcu.externaltools.gnu-tools-for-stm32.11.3.rel1.macos64_1.1.1.202309131626/tools/arm-none-eabi/include/c++/11.3.1/bits/stl_list.h:210:7:_Tp& std::_List_iterator< <template-parameter-1-1> >::operator*() const [with _Tp = std::unique_ptr<char []>]	16	static
/Applications/STM32CubeIDE.app/Contents/Eclipse/plugins/com.st.stm32cube.ide.mcu.externaltools.gnu-tools-for-stm32.11.3.rel1.macos64_1.1.1.202309131626/tools/arm-none-eabi/include/c++/11.3.1/bits/stl_list.h:1920:7:void std::__cxx11::list<_Tp, _Alloc>::_M_erase(std::__cxx11::list<_Tp, _Alloc>::iterator) [with _Tp = std::unique_ptr<char []>; _Alloc = std::allocator<std::unique_ptr<char []> >]	32	static
/Applications/STM32CubeIDE.app/Contents/Eclipse/plugins/com.st.stm32cube.ide.mcu.externaltools.gnu-tools-for-stm32.11.3.rel1.macos64_1.1.1.202309131626/tools/arm-none-eabi/include/c++/11.3.1/bits/move.h:104:5:constexpr typename std::remove_reference<_Tp>::type&& std::move(_Tp&&) [with _Tp = std::__cxx11::list<std::unique_ptr<char []> >&]	16	static
/Applications/STM32CubeIDE.app/Contents/Eclipse/plugins/com.st.stm32cube.ide.mcu.externaltools.gnu-tools-for-stm32.11.3.rel1.macos64_1.1.1.202309131626/tools/arm-none-eabi/include/c++/11.3.1/bits/stl_list.h:1949:7:void std::__cxx11::list<_Tp, _Alloc>::_M_move_assign(std::__cxx11::list<_Tp, _Alloc>&&, std::true_type) [with _Tp = std::unique_ptr<char []>; _Alloc = std::allocator<std::unique_ptr<char []> >]	32	static
/Applications/STM32CubeIDE.app/Contents/Eclipse/plugins/com.st.stm32cube.ide.mcu.externaltools.gnu-tools-for-stm32.11.3.rel1.macos64_1.1.1.202309131626/tools/arm-none-eabi/include/c++/11.3.1/bits/hashtable_policy.h:696:5:std::__detail::_Map_base<_Key, _Pair, _Alloc, std::__detail::_Select1st, _Equal, _Hash, _RangeHash, _Unused, _RehashPolicy, _Traits, true>::mapped_type& std::__detail::_Map_base<_Key, _Pair, _Alloc, std::__detail::_Select1st, _Equal, _Hash, _RangeHash, _Unused, _RehashPolicy, _Traits, true>::operator[](const key_type&) [with _Key = unsigned char; _Pair = std::pair<const unsigned char, std::queue<CurrentVoltagePair> >; _Alloc = std::allocator<std::pair<const unsigned char, std::queue<CurrentVoltagePair> > >; _Equal = std::equal_to<unsigned char>; _Hash = std::hash<unsigned char>; _RangeHash = std::__detail::_Mod_range_hashing; _Unused = std::__detail::_Default_ranged_hash; _RehashPolicy = std::__detail::_Prime_rehash_policy; _Traits = std::__detail::_Hashtable_traits<false, false, true>]	72	static
/Applications/STM32CubeIDE.app/Contents/Eclipse/plugins/com.st.stm32cube.ide.mcu.externaltools.gnu-tools-for-stm32.11.3.rel1.macos64_1.1.1.202309131626/tools/arm-none-eabi/include/c++/11.3.1/bits/stl_deque.h:1496:7:void std::deque<_Tp, _Alloc>::push_back(const value_type&) [with _Tp = CurrentVoltagePair; _Alloc = std::allocator<CurrentVoltagePair>]	16	static
/Applications/STM32CubeIDE.app/Contents/Eclipse/plugins/com.st.stm32cube.ide.mcu.externaltools.gnu-tools-for-stm32.11.3.rel1.macos64_1.1.1.202309131626/tools/arm-none-eabi/include/c++/11.3.1/bits/stl_deque.h:1233:7:std::deque<_Tp, _Alloc>::size_type std::deque<_Tp, _Alloc>::size() const [with _Tp = CurrentVoltagePair; _Alloc = std::allocator<CurrentVoltagePair>]	16	static
/Applications/STM32CubeIDE.app/Contents/Eclipse/plugins/com.st.stm32cube.ide.mcu.externaltools.gnu-tools-for-stm32.11.3.rel1.macos64_1.1.1.202309131626/tools/arm-none-eabi/include/c++/11.3.1/optional:437:7:constexpr _Tp& std::_Optional_base_impl<_Tp, _Dp>::_M_get() [with _Tp = long long int; _Dp = std::_Optional_base<long long int, true, true>]	16	static
[...]
/Applications/STM32CubeIDE.app/Contents/Eclipse/plugins/com.st.stm32cube.ide.mcu.externaltools.gnu-tools-for-stm32.11.3.rel1.macos64_1.1.1.202309131626/tools/arm-none-eabi/include/c++/11.3.1/bits/move.h:77:5:constexpr _Tp&& std::forward(typename std::remove_reference<_Tp>::type&) [with _Tp = const std::pair<const unsigned char, double>&]	16	static
/Applications/STM32CubeIDE.app/Contents/Eclipse/plugins/com.st.stm32cube.ide.mcu.externaltools.gnu-tools-for-stm32.11.3.rel1.macos64_1.1.1.202309131626/tools/arm-none-eabi/include/c++/11.3.1/utility:233:5:constexpr const typename std::tuple_element<_Int, std::pair<_Tp1, _Tp2> >::type& std::get(const std::pair<_Tp1, _Tp2>&) [with unsigned int _Int = 0; _Tp1 = const unsigned char; _Tp2 = double]	16	static
/Applications/STM32CubeIDE.app/Contents/Eclipse/plugins/com.st.stm32cube.ide.mcu.externaltools.gnu-tools-for-stm32.11.3.rel1.macos64_1.1.1.202309131626/tools/arm-none-eabi/include/c++/11.3.1/tuple:454:7:constexpr std::_Tuple_impl<_Idx, _Head>::_Tuple_impl(std::_Tuple_impl<_Idx, _Head>&&) [with unsigned int _Idx = 0; _Head = unsigned char&&]	16	static
/Applications/STM32CubeIDE.app/Contents/Eclipse/plugins/com.st.stm32cube.ide.mcu.externaltools.gnu-tools-for-stm32.11.3.rel1.macos64_1.1.1.202309131626/tools/arm-none-eabi/include/c++/11.3.1/tuple:1804:7:>) [with _Args1 = {unsigned char&&}; _Args2 = {}; _T1 = const unsigned char; _T2 = double]	40	static
/Applications/STM32CubeIDE.app/Contents/Eclipse/plugins/com.st.stm32cube.ide.mcu.externaltools.gnu-tools-for-stm32.11.3.rel1.macos64_1.1.1.202309131626/tools/arm-none-eabi/include/c++/11.3.1/bits/hashtable_policy.h:1922:5:std::__detail::_Hashtable_alloc<_NodeAlloc>::__node_base** std::__detail::_Hashtable_alloc<_NodeAlloc>::_M_allocate_buckets(std::size_t) [with _NodeAlloc = std::allocator<std::__detail::_Hash_node<std::pair<const unsigned char, double>, false> >]	40	static
/Applications/STM32CubeIDE.app/Contents/Eclipse/plugins/com.st.stm32cube.ide.mcu.externaltools.gnu-tools-for-stm32.11.3.rel1.macos64_1.1.1.202309131626/tools/arm-none-eabi/include/c++/11.3.1/tuple:1804:7:>) [with _Args1 = {const unsigned char&}; _Args2 = {}; _T1 = const unsigned char; _T2 = double]	40	static
/Applications/STM32CubeIDE.app/Contents/Eclipse/plugins/com.st.stm32cube.ide.mcu.externaltools.gnu-tools-for-stm32.11.3.rel1.macos64_1.1.1.202309131626/tools/arm-none-eabi/include/c++/11.3.1/bits/move.h:49:5:constexpr _Tp* std::__addressof(_Tp&) [with _Tp = CurrentVoltagePair]	16	static
/Applications/STM32CubeIDE.app/Contents/Eclipse/plugins/com.st.stm32cube.ide.mcu.externaltools.gnu-tools-for-stm32.11.3.rel1.macos64_1.1.1.202309131626/tools/arm-none-eabi/include/c++/11.3.1/bits/stl_construct.h:146:5:constexpr void std::_Destroy(_Tp*) [with _Tp = CurrentVoltagePair]	16	static
/Applications/STM32CubeIDE.app/Contents/Eclipse/plugins/com.st.stm32cube.ide.mcu.externaltools.gnu-tools-for-stm32.11.3.rel1.macos64_1.1.1.202309131626/tools/arm-none-eabi/include/c++/11.3.1/ext/aligned_buffer.h:108:7:const void* __gnu_cxx::__aligned_buffer<_Tp>::_M_addr() const [with _Tp = std::pair<const unsigned char, unsigned char>]	16	static
/Applications/STM32CubeIDE.app/Contents/Eclipse/plugins/com.st.stm32cube.ide.mcu.externaltools.gnu-tools-for-stm32.11.3.rel1.macos64_1.1.1.202309131626/tools/arm-none-eabi/include/c++/11.3.1/bits/move.h:49:5:constexpr _Tp* std::__addressof(_Tp&) [with _Tp = std::__detail::_Hash_node<std::pair<const unsigned char, unsigned char>, false>]	16	static
/Applications/STM32CubeIDE.app/Contents/Eclipse/plugins/com.st.stm32cube.ide.mcu.externaltools.gnu-tools-for-stm32.11.3.rel1.macos64_1.1.1.202309131626/tools/arm-none-eabi/include/c++/11.3.1/bits/stl_algobase.h:968:5:void std::__fill_a(_FIte, _FIte, const _Tp&) [with _FIte = long unsigned int*; _Tp = long unsigned int]	24	static
/Applications/STM32CubeIDE.app/Contents/Eclipse/plugins/com.st.stm32cube.ide.mcu.externaltools.gnu-tools-for-stm32.11.3.rel1.macos64_1.1.1.202309131626/tools/arm-none-eabi/include/c++/11.3.1/bits/hashtable_policy.h:1130:2:std::__detail::_Hashtable_ebo_helper<_Nm, _Tp, true>::_Hashtable_ebo_helper(_OtherTp&&) [with _OtherTp = const std::hash<unsigned char>&; int _Nm = 1; _Tp = std::hash<unsigned char>]	16	static
/Applications/STM32CubeIDE.app/Contents/Eclipse/plugins/com.st.stm32cube.ide.mcu.externaltools.gnu-tools-for-stm32.11.3.rel1.macos64_1.1.1.202309131626/tools/arm-none-eabi/include/c++/11.3.1/bits/move.h:77:5:constexpr _Tp&& std::forward(typename std::remove_reference<_Tp>::type&) [with _Tp = const std::equal_to<unsigned char>&]	16	static
/Applications/STM32CubeIDE.app/Contents/Eclipse/plugins/com.st.stm32cube.ide.mcu.externaltools.gnu-tools-for-stm32.11.3.rel1.macos64_1.1.1.202309131626/tools/arm-none-eabi/include/c++/11.3.1/bits/hashtable_policy.h:1611:7:bool std::__detail::_Hashtable_base<_Key, _Value, _ExtractKey, _Equal, _Hash, _RangeHash, _Unused, _Traits>::_M_equals(const _Key&, std::__detail::_Hashtable_base<_Key, _Value, _ExtractKey, _Equal, _Hash, _RangeHash, _Unused, _Traits>::__hash_code, const std::__detail::_Hash_node_value<_Value, typename _Traits::__hash_cached::value>&) const [with _Key = unsigned char; _Value = std::pair<const unsigned char, unsigned char>; _ExtractKey = std::__detail::_Select1st; _Equal = std::equal_to<unsigned char>; _Hash = std::hash<unsigned char>; _RangeHash = std::__detail::_Mod_range_hashing; _Unused = std::__detail::_Default_ranged_hash; _Traits = std::__detail::_Hashtable_traits<false, false, true>]	40	static
/Applications/STM32CubeIDE.app/Contents/Eclipse/plugins/com.st.stm32cube.ide.mcu.externaltools.gnu-tools-for-stm32.11.3.rel1.macos64_1.1.1.202309131626/tools/arm-none-eabi/include/c++/11.3.1/bits/hashtable.h:2378:5:void std::_Hashtable<_Key, _Value, _Alloc, _ExtractKey, _Equal, _Hash, _RangeHash, _Unused, _RehashPolicy, _Traits>::_M_rehash_aux(std::_Hashtable<_Key, _Value, _Alloc, _ExtractKey, _Equal, _Hash, _RangeHash, _Unused, _RehashPolicy, _Traits>::size_type, std::true_type) [with _Key = unsigned char; _Value = std::pair<const unsigned char, unsigned char>; _Alloc = std::allocator<std::pair<const unsigned char, unsigned char> >; _ExtractKey = std::__detail::_Select1st; _Equal = std::equal_to<unsigned char>; _Hash = std::hash<unsigned char>; _RangeHash = std::__detail::_Mod_range_hashing; _Unused = std::__detail::_Default_ranged_hash; _RehashPolicy = std::__detail::_Prime_rehash_policy; _Traits = std::__detail::_Hashtable_traits<false, false, true>]	48	static
/Applications/STM32CubeIDE.app/Contents/Eclipse/plugins/com.st.stm32cube.ide.mcu.externaltools.gnu-tools-for-stm32.11.3.rel1.macos64_1.1.1.202309131626/tools/arm-none-eabi/include/c++/11.3.1/bits/move.h:49:5:constexpr _Tp* std::__addressof(_Tp&) [with _Tp = std::__detail::_Hash_node<std::pair<const unsigned char, std::queue<CurrentVoltagePair> >, false>]	16	static
/Applications/STM32CubeIDE.app/Contents/Eclipse/plugins/com.st.stm32cube.ide.mcu.externaltools.gnu-tools-for-stm32.11.3.rel1.macos64_1.1.1.202309131626/tools/arm-none-eabi/include/c++/11.3.1/bits/move.h:49:5:constexpr _Tp* std::__addressof(_Tp&) [with _Tp = std::__detail::_Hash_node<std::pair<const unsigned char, double>, false>]	16	static
/Applications/STM32CubeIDE.app/Contents/Eclipse/plugins/com.st.stm32cube.ide.mcu.externaltools.gnu-tools-for-stm32.11.3.rel1.macos64_1.1.1.202309131626/tools/arm-none-eabi/include/c++/11.3.1/ext/aligned_buffer.h:118:7:const _Tp* __gnu_cxx::__aligned_buffer<_Tp>::_M_ptr() const [with _Tp = std::pair<const unsigned char, std::queue<CurrentVoltagePair> >]	16	static
/Applications/STM32CubeIDE.app/Contents/Eclipse/plugins/com.st.stm32cube.ide.mcu.externaltools.gnu-tools-for-stm32.11.3.rel1.macos64_1.1.1.202309131626/tools/arm-none-eabi/include/c++/11.3.1/utility:188:2:static constexpr const _Tp1& std::__pair_get<0>::__const_get(const std::pair<_T1, _T2>&) [with _Tp1 = const unsigned char; _Tp2 = std::queue<CurrentVoltagePair>]	16	static
/Applications/STM32CubeIDE.app/Contents/Eclipse/plugins/com.st.stm32cube.ide.mcu.externaltools.gnu-tools-for-stm32.11.3.rel1.macos64_1.1.1.202309131626/tools/arm-none-eabi/include/c++/11.3.1/tuple:1816:7:_Indexes2 = {}; _T1 = const unsigned char; _T2 = std::queue<CurrentVoltagePair>]	24	static
/Applications/STM32CubeIDE.app/Contents/Eclipse/plugins/com.st.stm32cube.ide.mcu.externaltools.gnu-tools-for-stm32.11.3.rel1.macos64_1.1.1.202309131626/tools/arm-none-eabi/include/c++/11.3.1/bits/stl_algobase.h:313:5:_Iterator std::__niter_base(_Iterator) [with _Iterator = CurrentVoltagePair**]	16	static
/Applications/STM32CubeIDE.app/Contents/Eclipse/plugins/com.st.stm32cube.ide.mcu.externaltools.gnu-tools-for-stm32.11.3.rel1.macos64_1.1.1.202309131626/tools/arm-none-eabi/include/c++/11.3.1/bits/stl_algobase.h:521:5:_OI std::__copy_move_a1(_II, _II, _OI) [with bool _IsMove = false; _II = CurrentVoltagePair**; _OI = CurrentVoltagePair**]	24	static
/Applications/STM32CubeIDE.app/Contents/Eclipse/plugins/com.st.stm32cube.ide.mcu.externaltools.gnu-tools-for-stm32.11.3.rel1.macos64_1.1.1.202309131626/tools/arm-none-eabi/include/c++/11.3.1/bits/stl_algobase.h:335:5:_Iterator std::__niter_wrap(const _Iterator&, _Iterator) [with _Iterator = CurrentVoltagePair**]	16	static
/Applications/STM32CubeIDE.app/Contents/Eclipse/plugins/com.st.stm32cube.ide.mcu.externaltools.gnu-tools-for-stm32.11.3.rel1.macos64_1.1.1.202309131626/tools/arm-none-eabi/include/c++/11.3.1/bits/stl_algobase.h:768:5:_BI2 std::__copy_move_backward_a1(_BI1, _BI1, _BI2) [with bool _IsMove = false; _BI1 = CurrentVoltagePair**; _BI2 = CurrentVoltagePair**]	24	static
/Applications/STM32CubeIDE.app/Contents/Eclipse/plugins/com.st.stm32cube.ide.mcu.externaltools.gnu-tools-for-stm32.11.3.rel1.macos64_1.1.1.202309131626/tools/arm-none-eabi/include/c++/11.3.1/ext/aligned_buffer.h:118:7:const _Tp* __gnu_cxx::__aligned_buffer<_Tp>::_M_ptr() const [with _Tp = std::pair<const unsigned char, double>]	16	static
/Applications/STM32CubeIDE.app/Contents/Eclipse/plugins/com.st.stm32cube.ide.mcu.externaltools.gnu-tools-for-stm32.11.3.rel1.macos64_1.1.1.202309131626/tools/arm-none-eabi/include/c++/11.3.1/utility:188:2:static constexpr const _Tp1& std::__pair_get<0>::__const_get(const std::pair<_T1, _T2>&) [with _Tp1 = const unsigned char; _Tp2 = double]	16	static
/Applications/STM32CubeIDE.app/Contents/Eclipse/plugins/com.st.stm32cube.ide.mcu.externaltools.gnu-tools-for-stm32.11.3.rel1.macos64_1.1.1.202309131626/tools/arm-none-eabi/include/c++/11.3.1/tuple:1816:7:_Indexes2 = {}; _T1 = const unsigned char; _T2 = double]	24	static
/Applications/STM32CubeIDE.app/Contents/Eclipse/plugins/com.st.stm32cube.ide.mcu.externaltools.gnu-tools-for-stm32.11.3.rel1.macos64_1.1.1.202309131626/tools/arm-none-eabi/include/c++/11.3.1/tuple:1816:7:_Indexes2 = {}; _T1 = const unsigned char; _T2 = double]	24	static
/Applications/STM32CubeIDE.app/Contents/Eclipse/plugins/com.st.stm32cube.ide.mcu.externaltools.gnu-tools-for-stm32.11.3.rel1.macos64_1.1.1.202309131626/tools/arm-none-eabi/include/c++/11.3.1/bits/stl_algobase.h:919:5:typename __gnu_cxx::__enable_if<std::__is_scalar<_Tp>::__value, void>::__type std::__fill_a1(_ForwardIterator, _ForwardIterator, const _Tp&) [with _ForwardIterator = long unsigned int*; _Tp = long unsigned int]	32	static
/Applications/STM32CubeIDE.app/Contents/Eclipse/plugins/com.st.stm32cube.ide.mcu.externaltools.gnu-tools-for-stm32.11.3.rel1.macos64_1.1.1.202309131626/tools/arm-none-eabi/include/c++/11.3.1/bits/move.h:77:5:constexpr _Tp&& std::forward(typename std::remove_reference<_Tp>::type&) [with _Tp = const std::hash<unsigned char>&]	16	static
/Applications/STM32CubeIDE.app/Contents/Eclipse/plugins/com.st.stm32cube.ide.mcu.externaltools.gnu-tools-for-stm32.11.3.rel1.macos64_1.1.1.202309131626/tools/arm-none-eabi/include/c++/11.3.1/bits/hashtable_policy.h:1586:7:static bool std::__detail::_Hashtable_base<_Key, _Value, _ExtractKey, _Equal, _Hash, _RangeHash, _Unused, _Traits>::_S_equals(std::__detail::_Hashtable_base<_Key, _Value, _ExtractKey, _Equal, _Hash, _RangeHash, _Unused, _Traits>::__hash_code, const std::__detail::_Hash_node_code_cache<false>&) [with _Key = unsigned char; _Value = std::pair<const unsigned char, unsigned char>; _ExtractKey = std::__detail::_Select1st; _Equal = std::equal_to<unsigned char>; _Hash = std::hash<unsigned char>; _RangeHash = std::__detail::_Mod_range_hashing; _Unused = std::__detail::_Default_ranged_hash; _Traits = std::__detail::_Hashtable_traits<false, false, true>]	16	static
/Applications/STM32CubeIDE.app/Contents/Eclipse/plugins/com.st.stm32cube.ide.mcu.externaltools.gnu-tools-for-stm32.11.3.rel1.macos64_1.1.1.202309131626/tools/arm-none-eabi/include/c++/11.3.1/bits/hashtable_policy.h:1650:7:const _Equal& std::__detail::_Hashtable_base<_Key, _Value, _ExtractKey, _Equal, _Hash, _RangeHash, _Unused, _Traits>::_M_eq() const [with _Key = unsigned char; _Value = std::pair<const unsigned char, unsigned char>; _ExtractKey = std::__detail::_Select1st; _Equal = std::equal_to<unsigned char>; _Hash = std::hash<unsigned char>; _RangeHash = std::__detail::_Mod_range_hashing; _Unused = std::__detail::_Default_ranged_hash; _Traits = std::__detail::_Hashtable_traits<false, false, true>]	16	static
/Applications/STM32CubeIDE.app/Contents/Eclipse/plugins/com.st.stm32cube.ide.mcu.externaltools.gnu-tools-for-stm32.11.3.rel1.macos64_1.1.1.202309131626/tools/arm-none-eabi/include/c++/11.3.1/ext/aligned_buffer.h:108:7:const void* __gnu_cxx::__aligned_buffer<_Tp>::_M_addr() const [with _Tp = std::pair<const unsigned char, std::queue<CurrentVoltagePair> >]	16	static
/Applications/STM32CubeIDE.app/Contents/Eclipse/plugins/com.st.stm32cube.ide.mcu.externaltools.gnu-tools-for-stm32.11.3.rel1.macos64_1.1.1.202309131626/tools/arm-none-eabi/include/c++/11.3.1/tuple:1393:5:>&) [with unsigned int __i = 0; _Elements = {const unsigned char&}]	16	static
/Applications/STM32CubeIDE.app/Contents/Eclipse/plugins/com.st.stm32cube.ide.mcu.externaltools.gnu-tools-for-stm32.11.3.rel1.macos64_1.1.1.202309131626/tools/arm-none-eabi/include/c++/11.3.1/bits/move.h:77:5:constexpr _Tp&& std::forward(typename std::remove_reference<_Tp>::type&) [with _Tp = const unsigned char&]	16	static
/Applications/STM32CubeIDE.app/Contents/Eclipse/plugins/com.st.stm32cube.ide.mcu.externaltools.gnu-tools-for-stm32.11.3.rel1.macos64_1.1.1.202309131626/tools/arm-none-eabi/include/c++/11.3.1/bits/stl_algobase.h:486:5:_OI std::__copy_move_a2(_II, _II, _OI) [with bool _IsMove = false; _II = CurrentVoltagePair**; _OI = CurrentVoltagePair**]	24	static
/Applications/STM32CubeIDE.app/Contents/Eclipse/plugins/com.st.stm32cube.ide.mcu.externaltools.gnu-tools-for-stm32.11.3.rel1.macos64_1.1.1.202309131626/tools/arm-none-eabi/include/c++/11.3.1/bits/stl_algobase.h:750:5:_BI2 std::__copy_move_backward_a2(_BI1, _BI1, _BI2) [with bool _IsMove = false; _BI1 = CurrentVoltagePair**; _BI2 = CurrentVoltagePair**]	24	static
/Applications/STM32CubeIDE.app/Contents/Eclipse/plugins/com.st.stm32cube.ide.mcu.externaltools.gnu-tools-for-stm32.11.3.rel1.macos64_1.1.1.202309131626/tools/arm-none-eabi/include/c++/11.3.1/ext/aligned_buffer.h:108:7:const void* __gnu_cxx::__aligned_buffer<_Tp>::_M_addr() const [with _Tp = std::pair<const unsigned char, double>]	16	static
/Applications/STM32CubeIDE.app/Contents/Eclipse/plugins/com.st.stm32cube.ide.mcu.externaltools.gnu-tools-for-stm32.11.3.rel1.macos64_1.1.1.202309131626/tools/arm-none-eabi/include/c++/11.3.1/tuple:1393:5:>&) [with unsigned int __i = 0; _Elements = {unsigned char&&}]	16	static
/Applications/STM32CubeIDE.app/Contents/Eclipse/plugins/com.st.stm32cube.ide.mcu.externaltools.gnu-tools-for-stm32.11.3.rel1.macos64_1.1.1.202309131626/tools/arm-none-eabi/include/c++/11.3.1/bits/move.h:77:5:constexpr _Tp&& std::forward(typename std::remove_reference<_Tp>::type&) [with _Tp = unsigned char&&]	16	static
/Applications/STM32CubeIDE.app/Contents/Eclipse/plugins/com.st.stm32cube.ide.mcu.externaltools.gnu-tools-for-stm32.11.3.rel1.macos64_1.1.1.202309131626/tools/arm-none-eabi/include/c++/11.3.1/tuple:1377:5:>&) [with unsigned int __i = 0; _Head = const unsigned char&; _Tail = {}]	16	static
/Applications/STM32CubeIDE.app/Contents/Eclipse/plugins/com.st.stm32cube.ide.mcu.externaltools.gnu-tools-for-stm32.11.3.rel1.macos64_1.1.1.202309131626/tools/arm-none-eabi/include/c++/11.3.1/bits/stl_algobase.h:420:2:static _Tp* std::__copy_move<_IsMove, true, std::random_access_iterator_tag>::__copy_m(const _Tp*, const _Tp*, _Tp*) [with _Tp = CurrentVoltagePair*; bool _IsMove = false]	32	static
/Applications/STM32CubeIDE.app/Contents/Eclipse/plugins/com.st.stm32cube.ide.mcu.externaltools.gnu-tools-for-stm32.11.3.rel1.macos64_1.1.1.202309131626/tools/arm-none-eabi/include/c++/11.3.1/bits/stl_algobase.h:731:2:static _Tp* std::__copy_move_backward<_IsMove, true, std::random_access_iterator_tag>::__copy_move_b(const _Tp*, const _Tp*, _Tp*) [with _Tp = CurrentVoltagePair*; bool _IsMove = false]	32	static
/Applications/STM32CubeIDE.app/Contents/Eclipse/plugins/com.st.stm32cube.ide.mcu.externaltools.gnu-tools-for-stm32.11.3.rel1.macos64_1.1.1.202309131626/tools/arm-none-eabi/include/c++/11.3.1/tuple:1377:5:>&) [with unsigned int __i = 0; _Head = unsigned char&&; _Tail = {}]	16	static
/Applications/STM32CubeIDE.app/Contents/Eclipse/plugins/com.st.stm32cube.ide.mcu.externaltools.gnu-tools-for-stm32.11.3.rel1.macos64_1.1.1.202309131626/tools/arm-none-eabi/include/c++/11.3.1/tuple:424:7:static constexpr _Head& std::_Tuple_impl<_Idx, _Head>::_M_head(std::_Tuple_impl<_Idx, _Head>&) [with unsigned int _Idx = 0; _Head = const unsigned char&]	16	static
/Applications/STM32CubeIDE.app/Contents/Eclipse/plugins/com.st.stm32cube.ide.mcu.externaltools.gnu-tools-for-stm32.11.3.rel1.macos64_1.1.1.202309131626/tools/arm-none-eabi/include/c++/11.3.1/tuple:424:7:static constexpr _Head& std::_Tuple_impl<_Idx, _Head>::_M_head(std::_Tuple_impl<_Idx, _Head>&) [with unsigned int _Idx = 0; _Head = unsigned char&&]	16	static
/Applications/STM32CubeIDE.app/Contents/Eclipse/plugins/com.st.stm32cube.ide.mcu.externaltools.gnu-tools-for-stm32.11.3.rel1.macos64_1.1.1.202309131626/tools/arm-none-eabi/include/c++/11.3.1/tuple:233:7:static constexpr _Head& std::_Head_base<_Idx, _Head, false>::_M_head(std::_Head_base<_Idx, _Head, false>&) [with unsigned int _Idx = 0; _Head = const unsigned char&]	16	static
/Applications/STM32CubeIDE.app/Contents/Eclipse/plugins/com.st.stm32cube.ide.mcu.externaltools.gnu-tools-for-stm32.11.3.rel1.macos64_1.1.1.202309131626/tools/arm-none-eabi/include/c++/11.3.1/tuple:233:7:static constexpr _Head& std::_Head_base<_Idx, _Head, false>::_M_head(std::_Head_base<_Idx, _Head, false>&) [with unsigned int _Idx = 0; _Head = unsigned char&&]	16	static
/Applications/STM32CubeIDE.app/Contents/Eclipse/plugins/com.st.stm32cube.ide.mcu.externaltools.gnu-tools-for-stm32.11.3.rel1.macos64_1.1.1.202309131626/tools/arm-none-eabi/include/c++/11.3.1/optional:93:13:std::bad_optional_access::~bad_optional_access()	16	static
/Applications/STM32CubeIDE.app/Contents/Eclipse/plugins/com.st.stm32cube.ide.mcu.externaltools.gnu-tools-for-stm32.11.3.rel1.macos64_1.1.1.202309131626/tools/arm-none-eabi/include/c++/11.3.1/optional:93:13:virtual std::bad_optional_access::~bad_optional_access()	16	static
../Core/Inc/data.hpp:50:8:DataPacket::~DataPacket()	16	static
../Core/Inc/thermistor_array.hpp:17:7:ThermistorArray::~ThermistorArray()	16	static
../Core/Inc/ESP32.hpp:21:7:ESP32::~ESP32()	16	static
../Core/Inc/selector.hpp:14:7:Selector::~Selector()	16	static
../Core/Inc/logger.hpp:14:7:Logger::~Logger()	16	static
../Core/Src/main.cpp:1280:1:void __static_initialization_and_destruction_0(int, int)	168	static
../Core/Src/main.cpp:1280:1:cpp)	8	static
../Core/Src/main.cpp:1280:1:cpp)	8	static
